Archive member included because of file (symbol)

c:/programdata/matlab/supportpackages/r2020b/3p.instrset/arduinoide.instrset/tools/arm-none-eabi-gcc/4.8.3-2014q1/bin/../lib/gcc/arm-none-eabi/4.8.3/../../../../arm-none-eabi/lib/armv6-m\libm.a(lib_a-s_ceil.o)
                              TestLed.o (ceil)
c:/programdata/matlab/supportpackages/r2020b/3p.instrset/arduinoide.instrset/tools/arm-none-eabi-gcc/4.8.3-2014q1/bin/../lib/gcc/arm-none-eabi/4.8.3/../../../../arm-none-eabi/lib/armv6-m\libm.a(lib_a-s_floor.o)
                              TestLed.o (floor)
C:/Users/nicom/DOCUME~1/MATLAB/R2020b/ARDUIN~1/ARDUIN~1/FASTER~1\libcore.a(cortex_handlers.o)
                              (Reset_Handler)
C:/Users/nicom/DOCUME~1/MATLAB/R2020b/ARDUIN~1/ARDUIN~1/FASTER~1\libcore.a(hooks.o)
                              C:/Users/nicom/DOCUME~1/MATLAB/R2020b/ARDUIN~1/ARDUIN~1/FASTER~1\libcore.a(cortex_handlers.o) (sysTickHook)
C:/Users/nicom/DOCUME~1/MATLAB/R2020b/ARDUIN~1/ARDUIN~1/FASTER~1\libcore.a(delay.o)
                              io_wrappers.o (millis)
C:/Users/nicom/DOCUME~1/MATLAB/R2020b/ARDUIN~1/ARDUIN~1/FASTER~1\libcore.a(startup.o)
                              C:/Users/nicom/DOCUME~1/MATLAB/R2020b/ARDUIN~1/ARDUIN~1/FASTER~1\libcore.a(cortex_handlers.o) (SystemInit)
C:/Users/nicom/DOCUME~1/MATLAB/R2020b/ARDUIN~1/ARDUIN~1/FASTER~1\libcore.a(wiring.o)
                              ert_main.o (init)
C:/Users/nicom/DOCUME~1/MATLAB/R2020b/ARDUIN~1/ARDUIN~1/FASTER~1\libcore.a(wiring_analog.o)
                              C:/Users/nicom/DOCUME~1/MATLAB/R2020b/ARDUIN~1/ARDUIN~1/FASTER~1\libcore.a(wiring.o) (analogReference)
C:/Users/nicom/DOCUME~1/MATLAB/R2020b/ARDUIN~1/ARDUIN~1/FASTER~1\libcore.a(wiring_digital.o)
                              MW_arduino_digitalio.o (pinMode)
C:/Users/nicom/DOCUME~1/MATLAB/R2020b/ARDUIN~1/ARDUIN~1/FASTER~1\libcore.a(wiring_private.o)
                              C:/Users/nicom/DOCUME~1/MATLAB/R2020b/ARDUIN~1/ARDUIN~1/FASTER~1\libcore.a(wiring_analog.o) (pinPeripheral)
C:/Users/nicom/DOCUME~1/MATLAB/R2020b/ARDUIN~1/ARDUIN~1/FASTER~1\libcore.a(Reset.o)
                              C:/Users/nicom/DOCUME~1/MATLAB/R2020b/ARDUIN~1/ARDUIN~1/FASTER~1\libcore.a(delay.o) (tickReset)
C:/Users/nicom/DOCUME~1/MATLAB/R2020b/ARDUIN~1/ARDUIN~1/FASTER~1\libcore.a(Uart.o)
                              io_wrappers.o (Uart::begin(unsigned long))
C:/Users/nicom/DOCUME~1/MATLAB/R2020b/ARDUIN~1/ARDUIN~1/FASTER~1\libcore.a(CDC.o)
                              io_wrappers.o (Serial_::write(unsigned char const*, unsigned int))
C:/Users/nicom/DOCUME~1/MATLAB/R2020b/ARDUIN~1/ARDUIN~1/FASTER~1\libcore.a(PluggableUSB.o)
                              C:/Users/nicom/DOCUME~1/MATLAB/R2020b/ARDUIN~1/ARDUIN~1/FASTER~1\libcore.a(CDC.o) (PluggableUSB_::plug(PluggableUSBModule*))
C:/Users/nicom/DOCUME~1/MATLAB/R2020b/ARDUIN~1/ARDUIN~1/FASTER~1\libcore.a(USBCore.o)
                              io_wrappers.o (USBDeviceClass::init())
C:/Users/nicom/DOCUME~1/MATLAB/R2020b/ARDUIN~1/ARDUIN~1/FASTER~1\libcore.a(variant.o)
                              io_wrappers.o (Serial1)
C:/Users/nicom/DOCUME~1/MATLAB/R2020b/ARDUIN~1/ARDUIN~1/FASTER~1\libcore.a(abi.o)
                              C:/Users/nicom/DOCUME~1/MATLAB/R2020b/ARDUIN~1/ARDUIN~1/FASTER~1\libcore.a(Uart.o) (__cxa_pure_virtual)
C:/Users/nicom/DOCUME~1/MATLAB/R2020b/ARDUIN~1/ARDUIN~1/FASTER~1\libcore.a(new.o)
                              C:/Users/nicom/DOCUME~1/MATLAB/R2020b/ARDUIN~1/ARDUIN~1/FASTER~1\libcore.a(USBCore.o) (operator new(unsigned int))
C:/Users/nicom/DOCUME~1/MATLAB/R2020b/ARDUIN~1/ARDUIN~1/FASTER~1\libcore.a(Print.o)
                              C:/Users/nicom/DOCUME~1/MATLAB/R2020b/ARDUIN~1/ARDUIN~1/FASTER~1\libcore.a(Uart.o) (Print::write(unsigned char const*, unsigned int))
C:/Users/nicom/DOCUME~1/MATLAB/R2020b/ARDUIN~1/ARDUIN~1/FASTER~1\libcore.a(SERCOM.o)
                              C:/Users/nicom/DOCUME~1/MATLAB/R2020b/ARDUIN~1/ARDUIN~1/FASTER~1\libcore.a(variant.o) (SERCOM::SERCOM(Sercom*))
c:/programdata/matlab/supportpackages/r2020b/3p.instrset/arduinoide.instrset/tools/arm-none-eabi-gcc/4.8.3-2014q1/bin/../lib/gcc/arm-none-eabi/4.8.3/armv6-m\libgcc.a(_thumb1_case_uqi.o)
                              C:/Users/nicom/DOCUME~1/MATLAB/R2020b/ARDUIN~1/ARDUIN~1/FASTER~1\libcore.a(wiring_analog.o) (__gnu_thumb1_case_uqi)
c:/programdata/matlab/supportpackages/r2020b/3p.instrset/arduinoide.instrset/tools/arm-none-eabi-gcc/4.8.3-2014q1/bin/../lib/gcc/arm-none-eabi/4.8.3/armv6-m\libgcc.a(_udivsi3.o)
                              C:/Users/nicom/DOCUME~1/MATLAB/R2020b/ARDUIN~1/ARDUIN~1/FASTER~1\libcore.a(wiring.o) (__aeabi_uidiv)
c:/programdata/matlab/supportpackages/r2020b/3p.instrset/arduinoide.instrset/tools/arm-none-eabi-gcc/4.8.3-2014q1/bin/../lib/gcc/arm-none-eabi/4.8.3/armv6-m\libgcc.a(_divsi3.o)
                              C:/Users/nicom/DOCUME~1/MATLAB/R2020b/ARDUIN~1/ARDUIN~1/FASTER~1\libcore.a(SERCOM.o) (__aeabi_idiv)
[...]
Memory Configuration

Name             Origin             Length             Attributes
FLASH            0x00002000         0x0003e000         xr
RAM              0x20000000         0x00008000         xrw
*default*        0x00000000         0xffffffff

Linker script and memory map

LOAD c:/programdata/matlab/supportpackages/r2020b/3p.instrset/arduinoide.instrset/tools/arm-none-eabi-gcc/4.8.3-2014q1/bin/../lib/gcc/arm-none-eabi/4.8.3/armv6-m/crti.o
LOAD c:/programdata/matlab/supportpackages/r2020b/3p.instrset/arduinoide.instrset/tools/arm-none-eabi-gcc/4.8.3-2014q1/bin/../lib/gcc/arm-none-eabi/4.8.3/armv6-m/crtbegin.o
LOAD c:/programdata/matlab/supportpackages/r2020b/3p.instrset/arduinoide.instrset/tools/arm-none-eabi-gcc/4.8.3-2014q1/bin/../lib/gcc/arm-none-eabi/4.8.3/../../../../arm-none-eabi/lib/armv6-m/crt0.o
START GROUP
LOAD C:/ProgramData/MATLAB/SupportPackages/R2020b/3P.instrset/arduinoide.instrset/portable/packages/arduino/tools/CMSIS/4.5.0/CMSIS/Lib/GCC\libarm_cortexM0l_math.a
LOAD MW_arduino_digitalio.o
LOAD TestLed.o
LOAD TestLed_data.o
LOAD MW_ArduinoHWInit.o
LOAD io_wrappers.o
LOAD arduinoARM_M0plusScheduler.o
LOAD m0m1m0plus_multitasking.o
LOAD ert_main.o
LOAD C:/Users/nicom/DOCUME~1/MATLAB/R2020b/ARDUIN~1/ARDUIN~1/FASTER~1/MW_RebuildSrc_Core.o
END GROUP
LOAD c:/programdata/matlab/supportpackages/r2020b/3p.instrset/arduinoide.instrset/tools/arm-none-eabi-gcc/4.8.3-2014q1/bin/../lib/gcc/arm-none-eabi/4.8.3/../../../../arm-none-eabi/lib/armv6-m\libm.a
LOAD C:/Users/nicom/DOCUME~1/MATLAB/R2020b/ARDUIN~1/ARDUIN~1/FASTER~1\libcore.a
START GROUP
LOAD c:/programdata/matlab/supportpackages/r2020b/3p.instrset/arduinoide.instrset/tools/arm-none-eabi-gcc/4.8.3-2014q1/bin/../lib/gcc/arm-none-eabi/4.8.3/armv6-m\libgcc.a
LOAD c:/programdata/matlab/supportpackages/r2020b/3p.instrset/arduinoide.instrset/tools/arm-none-eabi-gcc/4.8.3-2014q1/bin/../lib/gcc/arm-none-eabi/4.8.3/../../../../arm-none-eabi/lib/armv6-m\libg_s.a
LOAD c:/programdata/matlab/supportpackages/r2020b/3p.instrset/arduinoide.instrset/tools/arm-none-eabi-gcc/4.8.3-2014q1/bin/../lib/gcc/arm-none-eabi/4.8.3/../../../../arm-none-eabi/lib/armv6-m\libc_s.a
END GROUP
START GROUP
LOAD c:/programdata/matlab/supportpackages/r2020b/3p.instrset/arduinoide.instrset/tools/arm-none-eabi-gcc/4.8.3-2014q1/bin/../lib/gcc/arm-none-eabi/4.8.3/armv6-m\libgcc.a
LOAD c:/programdata/matlab/supportpackages/r2020b/3p.instrset/arduinoide.instrset/tools/arm-none-eabi-gcc/4.8.3-2014q1/bin/../lib/gcc/arm-none-eabi/4.8.3/../../../../arm-none-eabi/lib/armv6-m\libc_s.a
LOAD c:/programdata/matlab/supportpackages/r2020b/3p.instrset/arduinoide.instrset/tools/arm-none-eabi-gcc/4.8.3-2014q1/bin/../lib/gcc/arm-none-eabi/4.8.3/../../../../arm-none-eabi/lib/armv6-m\libnosys.a
END GROUP
START GROUP
LOAD c:/programdata/matlab/supportpackages/r2020b/3p.instrset/arduinoide.instrset/tools/arm-none-eabi-gcc/4.8.3-2014q1/bin/../lib/gcc/arm-none-eabi/4.8.3/armv6-m\libgcc.a
LOAD c:/programdata/matlab/supportpackages/r2020b/3p.instrset/arduinoide.instrset/tools/arm-none-eabi-gcc/4.8.3-2014q1/bin/../lib/gcc/arm-none-eabi/4.8.3/../../../../arm-none-eabi/lib/armv6-m\libc_s.a
LOAD c:/programdata/matlab/supportpackages/r2020b/3p.instrset/arduinoide.instrset/tools/arm-none-eabi-gcc/4.8.3-2014q1/bin/../lib/gcc/arm-none-eabi/4.8.3/../../../../arm-none-eabi/lib/armv6-m\libnosys.a
END GROUP
LOAD c:/programdata/matlab/supportpackages/r2020b/3p.instrset/arduinoide.instrset/tools/arm-none-eabi-gcc/4.8.3-2014q1/bin/../lib/gcc/arm-none-eabi/4.8.3/armv6-m/crtend.o
LOAD c:/programdata/matlab/supportpackages/r2020b/3p.instrset/arduinoide.instrset/tools/arm-none-eabi-gcc/4.8.3-2014q1/bin/../lib/gcc/arm-none-eabi/4.8.3/armv6-m/crtn.o

.text           0x00002000     0x47d8
                0x00002000                __text_start__ = .
 *(.sketch_boot)
                0x00002000                . = ALIGN (0x2000)
 *(.isr_vector)
 .isr_vector    0x00002000       0xb4 C:/Users/nicom/DOCUME~1/MATLAB/R2020b/ARDUIN~1/ARDUIN~1/FASTER~1\libcore.a(cortex_handlers.o)
                0x00002000                exception_table
 *(.text*)
 .text          0x000020b4       0x60 c:/programdata/matlab/supportpackages/r2020b/3p.instrset/arduinoide.instrset/tools/arm-none-eabi-gcc/4.8.3-2014q1/bin/../lib/gcc/arm-none-eabi/4.8.3/armv6-m/crtbegin.o
 .text.digitalIOSetup
                0x00002114       0x12 MW_arduino_digitalio.o
                0x00002114                digitalIOSetup
 .text.writeDigitalPin
                0x00002126        0xe MW_arduino_digitalio.o
                0x00002126                writeDigitalPin
 *fill*         0x00002134        0x4 
 .text.rt_roundd_snf
                0x00002138       0x90 TestLed.o
                0x00002138                rt_roundd_snf
 .text.TestLed_step
                0x000021c8       0xb8 TestLed.o
                0x000021c8                TestLed_step
 .text.TestLed_initialize
                0x00002280       0x30 TestLed.o
                0x00002280                TestLed_initialize
 .text.TestLed_terminate
                0x000022b0       0x14 TestLed.o
                0x000022b0                TestLed_terminate
 .text.MW_Arduino_Init
                0x000022c4        0xe MW_ArduinoHWInit.o
                0x000022c4                MW_Arduino_Init
 .text.MW_Arduino_Terminate
                0x000022d2        0x8 MW_ArduinoHWInit.o
                0x000022d2                MW_Arduino_Terminate
 *fill*         0x000022da        0x2 
 .text.MW_usbattach
                0x000022dc       0x1c io_wrappers.o
                0x000022dc                MW_usbattach
 .text.Serial_begin
                0x000022f8       0x24 io_wrappers.o
                0x000022f8                Serial_begin
 .text._ZL13Scheduler_Isrv
                0x0000231c        0xc arduinoARM_M0plusScheduler.o
 .text.resetExternalChip
                0x00002328        0x2 arduinoARM_M0plusScheduler.o
                0x00002328                resetExternalChip
 *fill*         0x0000232a        0x2 
 .text.RTC_Handler
                0x0000232c       0x20 arduinoARM_M0plusScheduler.o
                0x0000232c                RTC_Handler
 .text.Setup_SchedulerRTC
                0x0000234c       0xac arduinoARM_M0plusScheduler.o
                0x0000234c                Setup_SchedulerRTC
 .text.configureArduinoARM_M0plusTimer
                0x000023f8       0x14 arduinoARM_M0plusScheduler.o
                0x000023f8                configureArduinoARM_M0plusTimer
 .text.disable_rt_OneStep
                0x0000240c       0x14 arduinoARM_M0plusScheduler.o
                0x0000240c                disable_rt_OneStep
 .text.MW_Arduino_Loop
                0x00002420        0x4 arduinoARM_M0plusScheduler.o
                0x00002420                MW_Arduino_Loop
 .text.arm_cortex_m_call_thread_with_context_switch
                0x00002424       0x24 m0m1m0plus_multitasking.o
                0x00002424                arm_cortex_m_call_thread_with_context_switch
 .text.SVC_Handler
                0x00002448       0x2c m0m1m0plus_multitasking.o
                0x00002448                SVC_Handler
 .text.rt_OneStep
                0x00002474       0x34 ert_main.o
                0x00002474                rt_OneStep
 .text.startup.main
                0x000024a8       0x74 ert_main.o
                0x000024a8                main
 *fill*         0x0000251c        0x4 
 .text.ceil     0x00002520      0x168 c:/programdata/matlab/supportpackages/r2020b/3p.instrset/arduinoide.instrset/tools/arm-none-eabi-gcc/4.8.3-2014q1/bin/../lib/gcc/arm-none-eabi/4.8.3/../../../../arm-none-eabi/lib/armv6-m\libm.a(lib_a-s_ceil.o)
                0x00002520                ceil
 .text.floor    0x00002688      0x170 c:/programdata/matlab/supportpackages/r2020b/3p.instrset/arduinoide.instrset/tools/arm-none-eabi-gcc/4.8.3-2014q1/bin/../lib/gcc/arm-none-eabi/4.8.3/../../../../arm-none-eabi/lib/armv6-m\libm.a(lib_a-s_floor.o)
                0x00002688                floor
 .text.Dummy_Handler
                0x000027f8        0x2 C:/Users/nicom/DOCUME~1/MATLAB/R2020b/ARDUIN~1/ARDUIN~1/FASTER~1\libcore.a(cortex_handlers.o)
                0x000027f8                DMAC_Handler
                0x000027f8                HardFault_Handler
                0x000027f8                AC_Handler
                0x000027f8                PendSV_Handler
                0x000027f8                NMI_Handler
                0x000027f8                TC7_Handler
                0x000027f8                SERCOM1_Handler
                0x000027f8                ADC_Handler
                0x000027f8                TCC1_Handler
                0x000027f8                SERCOM2_Handler
                0x000027f8                TCC0_Handler
                0x000027f8                EIC_Handler
                0x000027f8                TC6_Handler
                0x000027f8                WDT_Handler
                0x000027f8                TC4_Handler
                0x000027f8                TC3_Handler
                0x000027f8                Dummy_Handler
                0x000027f8                PM_Handler
                0x000027f8                TCC2_Handler
                0x000027f8                EVSYS_Handler
                0x000027f8                SERCOM3_Handler
                0x000027f8                I2S_Handler
                0x000027f8                NVMCTRL_Handler
                0x000027f8                SERCOM0_Handler
                0x000027f8                DAC_Handler
                0x000027f8                PTC_Handler
                0x000027f8                SYSCTRL_Handler
 *fill*         0x000027fa        0x2 
 .text.USB_Handler
                0x000027fc       0x14 C:/Users/nicom/DOCUME~1/MATLAB/R2020b/ARDUIN~1/ARDUIN~1/FASTER~1\libcore.a(cortex_handlers.o)
                0x000027fc                USB_Handler
 .text.Reset_Handler
                0x00002810       0x54 C:/Users/nicom/DOCUME~1/MATLAB/R2020b/ARDUIN~1/ARDUIN~1/FASTER~1\libcore.a(cortex_handlers.o)
                0x00002810                Reset_Handler
 .text.SysTick_Handler
                0x00002864       0x10 C:/Users/nicom/DOCUME~1/MATLAB/R2020b/ARDUIN~1/ARDUIN~1/FASTER~1\libcore.a(cortex_handlers.o)
                0x00002864                SysTick_Handler
 .text.USB_SetHandler
                0x00002874        0xc C:/Users/nicom/DOCUME~1/MATLAB/R2020b/ARDUIN~1/ARDUIN~1/FASTER~1\libcore.a(cortex_handlers.o)
                0x00002874                USB_SetHandler
 .text.__false  0x00002880        0x4 C:/Users/nicom/DOCUME~1/MATLAB/R2020b/ARDUIN~1/ARDUIN~1/FASTER~1\libcore.a(hooks.o)
                0x00002880                sysTickHook
 .text.SysTick_DefaultHandler
                0x00002884       0x14 C:/Users/nicom/DOCUME~1/MATLAB/R2020b/ARDUIN~1/ARDUIN~1/FASTER~1\libcore.a(delay.o)
                0x00002884                SysTick_DefaultHandler
 .text.SystemInit
                0x00002898      0x168 C:/Users/nicom/DOCUME~1/MATLAB/R2020b/ARDUIN~1/ARDUIN~1/FASTER~1\libcore.a(startup.o)
                0x00002898                SystemInit
 .text.init     0x00002a00       0xf0 C:/Users/nicom/DOCUME~1/MATLAB/R2020b/ARDUIN~1/ARDUIN~1/FASTER~1\libcore.a(wiring.o)
                0x00002a00                init
 .text.analogReference
                0x00002af0       0x5c C:/Users/nicom/DOCUME~1/MATLAB/R2020b/ARDUIN~1/ARDUIN~1/FASTER~1\libcore.a(wiring_analog.o)
                0x00002af0                analogReference
 .text.pinMode  0x00002b4c       0xb4 C:/Users/nicom/DOCUME~1/MATLAB/R2020b/ARDUIN~1/ARDUIN~1/FASTER~1\libcore.a(wiring_digital.o)
                0x00002b4c                pinMode
 .text.digitalWrite
                0x00002c00       0x60 C:/Users/nicom/DOCUME~1/MATLAB/R2020b/ARDUIN~1/ARDUIN~1/FASTER~1\libcore.a(wiring_digital.o)
                0x00002c00                digitalWrite
 .text.pinPeripheral
                0x00002c60       0xc4 C:/Users/nicom/DOCUME~1/MATLAB/R2020b/ARDUIN~1/ARDUIN~1/FASTER~1\libcore.a(wiring_private.o)
                0x00002c60                pinPeripheral
 .text.initiateReset
                0x00002d24       0x14 C:/Users/nicom/DOCUME~1/MATLAB/R2020b/ARDUIN~1/ARDUIN~1/FASTER~1\libcore.a(Reset.o)
                0x00002d24                initiateReset
 .text.cancelReset
                0x00002d38       0x10 C:/Users/nicom/DOCUME~1/MATLAB/R2020b/ARDUIN~1/ARDUIN~1/FASTER~1\libcore.a(Reset.o)
                0x00002d38                cancelReset
 .text.tickReset
                0x00002d48       0x74 C:/Users/nicom/DOCUME~1/MATLAB/R2020b/ARDUIN~1/ARDUIN~1/FASTER~1\libcore.a(Reset.o)
                0x00002d48                tickReset
 .text._ZN4UartcvbEv
                0x00002dbc        0x4 C:/Users/nicom/DOCUME~1/MATLAB/R2020b/ARDUIN~1/ARDUIN~1/FASTER~1\libcore.a(Uart.o)
                0x00002dbc                Uart::operator bool()
 .text._ZN4Uart5beginEm
                0x00002dc0       0x10 C:/Users/nicom/DOCUME~1/MATLAB/R2020b/ARDUIN~1/ARDUIN~1/FASTER~1\libcore.a(Uart.o)
                0x00002dc0                Uart::begin(unsigned long)
 .text._ZN4Uart4peekEv
                0x00002dd0       0x1a C:/Users/nicom/DOCUME~1/MATLAB/R2020b/ARDUIN~1/ARDUIN~1/FASTER~1\libcore.a(Uart.o)
                0x00002dd0                Uart::peek()
 .text._ZN4Uart3endEv
                0x00002dea       0x20 C:/Users/nicom/DOCUME~1/MATLAB/R2020b/ARDUIN~1/ARDUIN~1/FASTER~1\libcore.a(Uart.o)
                0x00002dea                Uart::end()
 *fill*         0x00002e0a        0x2 
 .text._ZN4UartC2EP6SERCOMhh11SercomRXPad15SercomUartTXPadhh
                0x00002e0c       0xa4 C:/Users/nicom/DOCUME~1/MATLAB/R2020b/ARDUIN~1/ARDUIN~1/FASTER~1\libcore.a(Uart.o)
                0x00002e0c                Uart::Uart(SERCOM*, unsigned char, unsigned char, SercomRXPad, SercomUartTXPad, unsigned char, unsigned char)
                0x00002e0c                Uart::Uart(SERCOM*, unsigned char, unsigned char, SercomRXPad, SercomUartTXPad, unsigned char, unsigned char)
 .text._ZN4UartC2EP6SERCOMhh11SercomRXPad15SercomUartTXPad
                0x00002eb0       0x24 C:/Users/nicom/DOCUME~1/MATLAB/R2020b/ARDUIN~1/ARDUIN~1/FASTER~1\libcore.a(Uart.o)
                0x00002eb0                Uart::Uart(SERCOM*, unsigned char, unsigned char, SercomRXPad, SercomUartTXPad)
                0x00002eb0                Uart::Uart(SERCOM*, unsigned char, unsigned char, SercomRXPad, SercomUartTXPad)
 .text._ZN4Uart16extractNbStopBitEt
                0x00002ed4        0xe C:/Users/nicom/DOCUME~1/MATLAB/R2020b/ARDUIN~1/ARDUIN~1/FASTER~1\libcore.a(Uart.o)
                0x00002ed4                Uart::extractNbStopBit(unsigned short)
 .text._ZN4Uart15extractCharSizeEt
                0x00002ee2       0x2c C:/Users/nicom/DOCUME~1/MATLAB/R2020b/ARDUIN~1/ARDUIN~1/FASTER~1\libcore.a(Uart.o)
                0x00002ee2                Uart::extractCharSize(unsigned short)
 .text._ZN4Uart13extractParityEt
                0x00002f0e       0x18 C:/Users/nicom/DOCUME~1/MATLAB/R2020b/ARDUIN~1/ARDUIN~1/FASTER~1\libcore.a(Uart.o)
                0x00002f0e                Uart::extractParity(unsigned short)
 *fill*         0x00002f26        0x2 
 .text._ZN4Uart5beginEmt
                0x00002f28       0xf8 C:/Users/nicom/DOCUME~1/MATLAB/R2020b/ARDUIN~1/ARDUIN~1/FASTER~1\libcore.a(Uart.o)
                0x00002f28                Uart::begin(unsigned long, unsigned short)
 .text._ZN11RingBufferNILi256EE9availableEv
                0x00003020       0x12 C:/Users/nicom/DOCUME~1/MATLAB/R2020b/ARDUIN~1/ARDUIN~1/FASTER~1\libcore.a(Uart.o)
                0x00003020                RingBufferN<256>::available()
 .text._ZN4Uart5flushEv
                0x00003032       0x1a C:/Users/nicom/DOCUME~1/MATLAB/R2020b/ARDUIN~1/ARDUIN~1/FASTER~1\libcore.a(Uart.o)
                0x00003032                Uart::flush()
 .text._ZN4Uart9availableEv
                0x0000304c        0xa C:/Users/nicom/DOCUME~1/MATLAB/R2020b/ARDUIN~1/ARDUIN~1/FASTER~1\libcore.a(Uart.o)
                0x0000304c                Uart::available()
 .text._ZN11RingBufferNILi256EE17availableForStoreEv
                0x00003056       0x1e C:/Users/nicom/DOCUME~1/MATLAB/R2020b/ARDUIN~1/ARDUIN~1/FASTER~1\libcore.a(Uart.o)
                0x00003056                RingBufferN<256>::availableForStore()
 .text._ZN4Uart17availableForWriteEv
                0x00003074        0xc C:/Users/nicom/DOCUME~1/MATLAB/R2020b/ARDUIN~1/ARDUIN~1/FASTER~1\libcore.a(Uart.o)
                0x00003074                Uart::availableForWrite()
 .text._ZN4Uart10IrqHandlerEv
                0x00003080       0xc8 C:/Users/nicom/DOCUME~1/MATLAB/R2020b/ARDUIN~1/ARDUIN~1/FASTER~1\libcore.a(Uart.o)
                0x00003080                Uart::IrqHandler()
 .text._ZN4Uart5writeEh
                0x00003148       0xb4 C:/Users/nicom/DOCUME~1/MATLAB/R2020b/ARDUIN~1/ARDUIN~1/FASTER~1\libcore.a(Uart.o)
                0x00003148                Uart::write(unsigned char)
 .text._ZN4Uart4readEv
                0x000031fc       0x4c C:/Users/nicom/DOCUME~1/MATLAB/R2020b/ARDUIN~1/ARDUIN~1/FASTER~1\libcore.a(Uart.o)
                0x000031fc                Uart::read()
 .text._ZN7Serial_13getDescriptorER8USBSetup
                0x00003248        0x4 C:/Users/nicom/DOCUME~1/MATLAB/R2020b/ARDUIN~1/ARDUIN~1/FASTER~1\libcore.a(CDC.o)
                0x00003248                Serial_::getDescriptor(USBSetup&)
 .text._ZThn16_N7Serial_13getDescriptorER8USBSetup
                0x0000324c       0x10 C:/Users/nicom/DOCUME~1/MATLAB/R2020b/ARDUIN~1/ARDUIN~1/FASTER~1\libcore.a(CDC.o)
                0x0000324c                non-virtual thunk to Serial_::getDescriptor(USBSetup&)
 .text._ZL5utox8mPc
                0x0000325c       0x1c C:/Users/nicom/DOCUME~1/MATLAB/R2020b/ARDUIN~1/ARDUIN~1/FASTER~1\libcore.a(CDC.o)
 .text._ZN7Serial_12getShortNameEPc
                0x00003278       0x44 C:/Users/nicom/DOCUME~1/MATLAB/R2020b/ARDUIN~1/ARDUIN~1/FASTER~1\libcore.a(CDC.o)
                0x00003278                Serial_::getShortName(char*)
 .text._ZThn16_N7Serial_12getShortNameEPc
                0x000032bc       0x10 C:/Users/nicom/DOCUME~1/MATLAB/R2020b/ARDUIN~1/ARDUIN~1/FASTER~1\libcore.a(CDC.o)
                0x000032bc                non-virtual thunk to Serial_::getShortName(char*)
 .text._ZN7Serial_14handleEndpointEi
                0x000032cc        0x2 C:/Users/nicom/DOCUME~1/MATLAB/R2020b/ARDUIN~1/ARDUIN~1/FASTER~1\libcore.a(CDC.o)
                0x000032cc                Serial_::handleEndpoint(int)
 *fill*         0x000032ce        0x2 
 .text._ZThn16_N7Serial_14handleEndpointEi
                0x000032d0       0x10 C:/Users/nicom/DOCUME~1/MATLAB/R2020b/ARDUIN~1/ARDUIN~1/FASTER~1\libcore.a(CDC.o)
                0x000032d0                non-virtual thunk to Serial_::handleEndpoint(int)
 .text._ZN7Serial_17availableForWriteEv
                0x000032e0        0x4 C:/Users/nicom/DOCUME~1/MATLAB/R2020b/ARDUIN~1/ARDUIN~1/FASTER~1\libcore.a(CDC.o)
                0x000032e0                Serial_::availableForWrite()
 .text._ZN7Serial_5writeEh
                0x000032e4       0x14 C:/Users/nicom/DOCUME~1/MATLAB/R2020b/ARDUIN~1/ARDUIN~1/FASTER~1\libcore.a(CDC.o)
                0x000032e4                Serial_::write(unsigned char)
 .text._ZN7Serial_12getInterfaceEPh
                0x000032f8      0x104 C:/Users/nicom/DOCUME~1/MATLAB/R2020b/ARDUIN~1/ARDUIN~1/FASTER~1\libcore.a(CDC.o)
                0x000032f8                Serial_::getInterface(unsigned char*)
 .text._ZThn16_N7Serial_12getInterfaceEPh
                0x000033fc       0x10 C:/Users/nicom/DOCUME~1/MATLAB/R2020b/ARDUIN~1/ARDUIN~1/FASTER~1\libcore.a(CDC.o)
                0x000033fc                non-virtual thunk to Serial_::getInterface(unsigned char*)
 .text._ZN7Serial_5setupER8USBSetup
                0x0000340c       0x98 C:/Users/nicom/DOCUME~1/MATLAB/R2020b/ARDUIN~1/ARDUIN~1/FASTER~1\libcore.a(CDC.o)
                0x0000340c                Serial_::setup(USBSetup&)
 .text._ZThn16_N7Serial_5setupER8USBSetup
                0x000034a4       0x10 C:/Users/nicom/DOCUME~1/MATLAB/R2020b/ARDUIN~1/ARDUIN~1/FASTER~1\libcore.a(CDC.o)
                0x000034a4                non-virtual thunk to Serial_::setup(USBSetup&)
 .text._ZN7Serial_9availableEv
                0x000034b4       0x20 C:/Users/nicom/DOCUME~1/MATLAB/R2020b/ARDUIN~1/ARDUIN~1/FASTER~1\libcore.a(CDC.o)
                0x000034b4                Serial_::available()
 .text._ZN7Serial_5flushEv
                0x000034d4       0x10 C:/Users/nicom/DOCUME~1/MATLAB/R2020b/ARDUIN~1/ARDUIN~1/FASTER~1\libcore.a(CDC.o)
                0x000034d4                Serial_::flush()
 .text._ZN7Serial_5clearEv
                0x000034e4       0x10 C:/Users/nicom/DOCUME~1/MATLAB/R2020b/ARDUIN~1/ARDUIN~1/FASTER~1\libcore.a(CDC.o)
                0x000034e4                Serial_::clear()
 .text._ZN7Serial_5writeEPKhj
                0x000034f4       0x1e C:/Users/nicom/DOCUME~1/MATLAB/R2020b/ARDUIN~1/ARDUIN~1/FASTER~1\libcore.a(CDC.o)
                0x000034f4                Serial_::write(unsigned char const*, unsigned int)
 *fill*         0x00003512        0x2 
 .text._ZN7Serial_4peekEv
                0x00003514       0x1c C:/Users/nicom/DOCUME~1/MATLAB/R2020b/ARDUIN~1/ARDUIN~1/FASTER~1\libcore.a(CDC.o)
                0x00003514                Serial_::peek()
 .text._ZN7Serial_4readEv
                0x00003530       0x24 C:/Users/nicom/DOCUME~1/MATLAB/R2020b/ARDUIN~1/ARDUIN~1/FASTER~1\libcore.a(CDC.o)
                0x00003530                Serial_::read()
 .text._ZN7Serial_C2ER14USBDeviceClass
                0x00003554       0x4c C:/Users/nicom/DOCUME~1/MATLAB/R2020b/ARDUIN~1/ARDUIN~1/FASTER~1\libcore.a(CDC.o)
                0x00003554                Serial_::Serial_(USBDeviceClass&)
                0x00003554                Serial_::Serial_(USBDeviceClass&)
 .text._ZN7Serial_15enableInterruptEv
                0x000035a0       0x30 C:/Users/nicom/DOCUME~1/MATLAB/R2020b/ARDUIN~1/ARDUIN~1/FASTER~1\libcore.a(CDC.o)
                0x000035a0                Serial_::enableInterrupt()
 .text._ZN7Serial_5beginEm
                0x000035d0        0x2 C:/Users/nicom/DOCUME~1/MATLAB/R2020b/ARDUIN~1/ARDUIN~1/FASTER~1\libcore.a(CDC.o)
                0x000035d0                Serial_::begin(unsigned long)
 *fill*         0x000035d2        0x2 
 .text.startup._GLOBAL__sub_I__ZN7Serial_12getInterfaceEPh
                0x000035d4       0x14 C:/Users/nicom/DOCUME~1/MATLAB/R2020b/ARDUIN~1/ARDUIN~1/FASTER~1\libcore.a(CDC.o)
 .text._ZN13PluggableUSB_12getInterfaceEPh
                0x000035e8       0x2a C:/Users/nicom/DOCUME~1/MATLAB/R2020b/ARDUIN~1/ARDUIN~1/FASTER~1\libcore.a(PluggableUSB.o)
                0x000035e8                PluggableUSB_::getInterface(unsigned char*)
 .text._ZN13PluggableUSB_13getDescriptorER8USBSetup
                0x00003612       0x20 C:/Users/nicom/DOCUME~1/MATLAB/R2020b/ARDUIN~1/ARDUIN~1/FASTER~1\libcore.a(PluggableUSB.o)
                0x00003612                PluggableUSB_::getDescriptor(USBSetup&)
 .text._ZN13PluggableUSB_12getShortNameEPc
                0x00003632       0x26 C:/Users/nicom/DOCUME~1/MATLAB/R2020b/ARDUIN~1/ARDUIN~1/FASTER~1\libcore.a(PluggableUSB.o)
                0x00003632                PluggableUSB_::getShortName(char*)
 .text._ZN13PluggableUSB_5setupER8USBSetup
                0x00003658       0x24 C:/Users/nicom/DOCUME~1/MATLAB/R2020b/ARDUIN~1/ARDUIN~1/FASTER~1\libcore.a(PluggableUSB.o)
                0x00003658                PluggableUSB_::setup(USBSetup&)
 .text._ZN13PluggableUSB_14handleEndpointEi
                0x0000367c       0x1a C:/Users/nicom/DOCUME~1/MATLAB/R2020b/ARDUIN~1/ARDUIN~1/FASTER~1\libcore.a(PluggableUSB.o)
                0x0000367c                PluggableUSB_::handleEndpoint(int)
 *fill*         0x00003696        0x2 
 .text._ZN13PluggableUSB_4plugEP18PluggableUSBModule
                0x00003698       0x60 C:/Users/nicom/DOCUME~1/MATLAB/R2020b/ARDUIN~1/ARDUIN~1/FASTER~1\libcore.a(PluggableUSB.o)
                0x00003698                PluggableUSB_::plug(PluggableUSBModule*)
 .text._Z12PluggableUSBv
                0x000036f8       0x20 C:/Users/nicom/DOCUME~1/MATLAB/R2020b/ARDUIN~1/ARDUIN~1/FASTER~1\libcore.a(PluggableUSB.o)
                0x000036f8                PluggableUSB()
 .text._ZN26DoubleBufferedEPOutHandlerD2Ev
                0x00003718        0xc C:/Users/nicom/DOCUME~1/MATLAB/R2020b/ARDUIN~1/ARDUIN~1/FASTER~1\libcore.a(USBCore.o)
                0x00003718                DoubleBufferedEPOutHandler::~DoubleBufferedEPOutHandler()
                0x00003718                DoubleBufferedEPOutHandler::~DoubleBufferedEPOutHandler()
 .text._ZN26DoubleBufferedEPOutHandlerD0Ev
                0x00003724       0x14 C:/Users/nicom/DOCUME~1/MATLAB/R2020b/ARDUIN~1/ARDUIN~1/FASTER~1\libcore.a(USBCore.o)
                0x00003724                DoubleBufferedEPOutHandler::~DoubleBufferedEPOutHandler()
 .text._ZN14USBDeviceClass6initEPEmm.part.7
                0x00003738       0xbc C:/Users/nicom/DOCUME~1/MATLAB/R2020b/ARDUIN~1/ARDUIN~1/FASTER~1\libcore.a(USBCore.o)
 .text._ZN7__GuardC2Ev
                0x000037f4        0xe C:/Users/nicom/DOCUME~1/MATLAB/R2020b/ARDUIN~1/ARDUIN~1/FASTER~1\libcore.a(USBCore.o)
                0x000037f4                __Guard::__Guard()
                0x000037f4                __Guard::__Guard()
 .text._ZN7__GuardD2Ev
                0x00003802        0xe C:/Users/nicom/DOCUME~1/MATLAB/R2020b/ARDUIN~1/ARDUIN~1/FASTER~1\libcore.a(USBCore.o)
                0x00003802                __Guard::~__Guard()
                0x00003802                __Guard::~__Guard()
 .text._ZNK26DoubleBufferedEPOutHandler10_availableEv
                0x00003810       0x72 C:/Users/nicom/DOCUME~1/MATLAB/R2020b/ARDUIN~1/ARDUIN~1/FASTER~1\libcore.a(USBCore.o)
                0x00003810                DoubleBufferedEPOutHandler::_available() const
 *fill*         0x00003882        0x2 
 .text._ZN26DoubleBufferedEPOutHandler7releaseEv
                0x00003884       0x38 C:/Users/nicom/DOCUME~1/MATLAB/R2020b/ARDUIN~1/ARDUIN~1/FASTER~1\libcore.a(USBCore.o)
                0x00003884                DoubleBufferedEPOutHandler::release()
 .text._ZN26DoubleBufferedEPOutHandler14handleEndpointEv
                0x000038bc       0xe4 C:/Users/nicom/DOCUME~1/MATLAB/R2020b/ARDUIN~1/ARDUIN~1/FASTER~1\libcore.a(USBCore.o)
                0x000038bc                DoubleBufferedEPOutHandler::handleEndpoint()
 .text._ZN26DoubleBufferedEPOutHandler5_recvEv
                0x000039a0      0x18e C:/Users/nicom/DOCUME~1/MATLAB/R2020b/ARDUIN~1/ARDUIN~1/FASTER~1\libcore.a(USBCore.o)
                0x000039a0                DoubleBufferedEPOutHandler::_recv()
 .text._ZN26DoubleBufferedEPOutHandler9availableEv
                0x00003b2e       0x18 C:/Users/nicom/DOCUME~1/MATLAB/R2020b/ARDUIN~1/ARDUIN~1/FASTER~1\libcore.a(USBCore.o)
                0x00003b2e                DoubleBufferedEPOutHandler::available()
 .text._ZN26DoubleBufferedEPOutHandler4peekEv
                0x00003b46       0x22 C:/Users/nicom/DOCUME~1/MATLAB/R2020b/ARDUIN~1/ARDUIN~1/FASTER~1\libcore.a(USBCore.o)
                0x00003b46                DoubleBufferedEPOutHandler::peek()
 .text._ZN26DoubleBufferedEPOutHandler4recvEPvm
                0x00003b68       0x66 C:/Users/nicom/DOCUME~1/MATLAB/R2020b/ARDUIN~1/ARDUIN~1/FASTER~1\libcore.a(USBCore.o)
                0x00003b68                DoubleBufferedEPOutHandler::recv(void*, unsigned long)
 .text._ZN14USBDeviceClass14SendInterfacesEPm
                0x00003bce       0x20 C:/Users/nicom/DOCUME~1/MATLAB/R2020b/ARDUIN~1/ARDUIN~1/FASTER~1\libcore.a(USBCore.o)
                0x00003bce                USBDeviceClass::SendInterfaces(unsigned long*)
 *fill*         0x00003bee        0x2 
 .text._ZN14USBDeviceClass4initEv
                0x00003bf0      0x130 C:/Users/nicom/DOCUME~1/MATLAB/R2020b/ARDUIN~1/ARDUIN~1/FASTER~1\libcore.a(USBCore.o)
                0x00003bf0                USBDeviceClass::init()
 .text._ZN14USBDeviceClass6attachEv
                0x00003d20       0x34 C:/Users/nicom/DOCUME~1/MATLAB/R2020b/ARDUIN~1/ARDUIN~1/FASTER~1\libcore.a(USBCore.o)
                0x00003d20                USBDeviceClass::attach()
 .text._ZN14USBDeviceClass10setAddressEm
                0x00003d54       0x48 C:/Users/nicom/DOCUME~1/MATLAB/R2020b/ARDUIN~1/ARDUIN~1/FASTER~1\libcore.a(USBCore.o)
                0x00003d54                USBDeviceClass::setAddress(unsigned long)
 .text._ZN14USBDeviceClass25handleClassInterfaceSetupER8USBSetup
                0x00003d9c       0x24 C:/Users/nicom/DOCUME~1/MATLAB/R2020b/ARDUIN~1/ARDUIN~1/FASTER~1\libcore.a(USBCore.o)
                0x00003d9c                USBDeviceClass::handleClassInterfaceSetup(USBSetup&)
 .text._ZN14USBDeviceClass6initEPEmm
                0x00003dc0      0x124 C:/Users/nicom/DOCUME~1/MATLAB/R2020b/ARDUIN~1/ARDUIN~1/FASTER~1\libcore.a(USBCore.o)
                0x00003dc0                USBDeviceClass::initEP(unsigned long, unsigned long)
 .text._ZN14USBDeviceClass13initEndpointsEv
                0x00003ee4       0x24 C:/Users/nicom/DOCUME~1/MATLAB/R2020b/ARDUIN~1/ARDUIN~1/FASTER~1\libcore.a(USBCore.o)
                0x00003ee4                USBDeviceClass::initEndpoints()
 .text._ZN14USBDeviceClass5clearEm
                0x00003f08       0x38 C:/Users/nicom/DOCUME~1/MATLAB/R2020b/ARDUIN~1/ARDUIN~1/FASTER~1\libcore.a(USBCore.o)
                0x00003f08                USBDeviceClass::clear(unsigned long)
 .text._ZN14USBDeviceClass9availableEm
                0x00003f40       0x2c C:/Users/nicom/DOCUME~1/MATLAB/R2020b/ARDUIN~1/ARDUIN~1/FASTER~1\libcore.a(USBCore.o)
                0x00003f40                USBDeviceClass::available(unsigned long)
 .text._ZN14USBDeviceClass5flushEm
                0x00003f6c       0x2c C:/Users/nicom/DOCUME~1/MATLAB/R2020b/ARDUIN~1/ARDUIN~1/FASTER~1\libcore.a(USBCore.o)
                0x00003f6c                USBDeviceClass::flush(unsigned long)
 .text._ZN14USBDeviceClass4recvEmPvm
                0x00003f98       0xc4 C:/Users/nicom/DOCUME~1/MATLAB/R2020b/ARDUIN~1/ARDUIN~1/FASTER~1\libcore.a(USBCore.o)
                0x00003f98                USBDeviceClass::recv(unsigned long, void*, unsigned long)
 .text._ZN14USBDeviceClass4recvEm
                0x0000405c       0x1c C:/Users/nicom/DOCUME~1/MATLAB/R2020b/ARDUIN~1/ARDUIN~1/FASTER~1\libcore.a(USBCore.o)
                0x0000405c                USBDeviceClass::recv(unsigned long)
 .text._ZN14USBDeviceClass14armRecvCtrlOUTEm
                0x00004078       0x60 C:/Users/nicom/DOCUME~1/MATLAB/R2020b/ARDUIN~1/ARDUIN~1/FASTER~1\libcore.a(USBCore.o)
                0x00004078                USBDeviceClass::armRecvCtrlOUT(unsigned long)
 .text._ZN14USBDeviceClass11recvControlEPvm
                0x000040d8       0x28 C:/Users/nicom/DOCUME~1/MATLAB/R2020b/ARDUIN~1/ARDUIN~1/FASTER~1\libcore.a(USBCore.o)
                0x000040d8                USBDeviceClass::recvControl(void*, unsigned long)
 .text._ZN14USBDeviceClass4sendEmPKvm
                0x00004100      0x11c C:/Users/nicom/DOCUME~1/MATLAB/R2020b/ARDUIN~1/ARDUIN~1/FASTER~1\libcore.a(USBCore.o)
                0x00004100                USBDeviceClass::send(unsigned long, void const*, unsigned long)
 .text._ZN14USBDeviceClass7armSendEmPKvm
                0x0000421c       0x48 C:/Users/nicom/DOCUME~1/MATLAB/R2020b/ARDUIN~1/ARDUIN~1/FASTER~1\libcore.a(USBCore.o)
                0x0000421c                USBDeviceClass::armSend(unsigned long, void const*, unsigned long)
 .text._ZN14USBDeviceClass11sendControlEPKvm
                0x00004264       0x58 C:/Users/nicom/DOCUME~1/MATLAB/R2020b/ARDUIN~1/ARDUIN~1/FASTER~1\libcore.a(USBCore.o)
                0x00004264                USBDeviceClass::sendControl(void const*, unsigned long)
 .text._ZN14USBDeviceClass20sendStringDescriptorEPKhm
                0x000042bc       0x68 C:/Users/nicom/DOCUME~1/MATLAB/R2020b/ARDUIN~1/ARDUIN~1/FASTER~1\libcore.a(USBCore.o)
                0x000042bc                USBDeviceClass::sendStringDescriptor(unsigned char const*, unsigned long)
 .text._ZN14USBDeviceClass12packMessagesEb.part.6
                0x00004324       0x20 C:/Users/nicom/DOCUME~1/MATLAB/R2020b/ARDUIN~1/ARDUIN~1/FASTER~1\libcore.a(USBCore.o)
 .text._ZN14USBDeviceClass17sendConfigurationEm
                0x00004344       0x90 C:/Users/nicom/DOCUME~1/MATLAB/R2020b/ARDUIN~1/ARDUIN~1/FASTER~1\libcore.a(USBCore.o)
                0x00004344                USBDeviceClass::sendConfiguration(unsigned long)
 .text._ZN14USBDeviceClass14sendDescriptorER8USBSetup
                0x000043d4       0xec C:/Users/nicom/DOCUME~1/MATLAB/R2020b/ARDUIN~1/ARDUIN~1/FASTER~1\libcore.a(USBCore.o)
                0x000043d4                USBDeviceClass::sendDescriptor(USBSetup&)
 .text._ZN14USBDeviceClass7sendZlpEm
                0x000044c0       0x18 C:/Users/nicom/DOCUME~1/MATLAB/R2020b/ARDUIN~1/ARDUIN~1/FASTER~1\libcore.a(USBCore.o)
                0x000044c0                USBDeviceClass::sendZlp(unsigned long)
 .text._ZN14USBDeviceClass19handleStandardSetupER8USBSetup
                0x000044d8       0xfc C:/Users/nicom/DOCUME~1/MATLAB/R2020b/ARDUIN~1/ARDUIN~1/FASTER~1\libcore.a(USBCore.o)
                0x000044d8                USBDeviceClass::handleStandardSetup(USBSetup&)
 .text._ZN14USBDeviceClass10ISRHandlerEv
                0x000045d4      0x10c C:/Users/nicom/DOCUME~1/MATLAB/R2020b/ARDUIN~1/ARDUIN~1/FASTER~1\libcore.a(USBCore.o)
                0x000045d4                USBDeviceClass::ISRHandler()
 .text.UDD_Handler
                0x000046e0       0x10 C:/Users/nicom/DOCUME~1/MATLAB/R2020b/ARDUIN~1/ARDUIN~1/FASTER~1\libcore.a(USBCore.o)
                0x000046e0                UDD_Handler
 .text.startup._GLOBAL__sub_I_usbd
                0x000046f0       0x10 C:/Users/nicom/DOCUME~1/MATLAB/R2020b/ARDUIN~1/ARDUIN~1/FASTER~1\libcore.a(USBCore.o)
 .text.SERCOM5_Handler
                0x00004700       0x10 C:/Users/nicom/DOCUME~1/MATLAB/R2020b/ARDUIN~1/ARDUIN~1/FASTER~1\libcore.a(variant.o)
                0x00004700                SERCOM5_Handler
 .text.SERCOM4_Handler
                0x00004710       0x10 C:/Users/nicom/DOCUME~1/MATLAB/R2020b/ARDUIN~1/ARDUIN~1/FASTER~1\libcore.a(variant.o)
                0x00004710                SERCOM4_Handler
 .text.startup._GLOBAL__sub_I_g_APinDescription
                0x00004720       0xa0 C:/Users/nicom/DOCUME~1/MATLAB/R2020b/ARDUIN~1/ARDUIN~1/FASTER~1\libcore.a(variant.o)
 .text._Znwj    0x000047c0        0x8 C:/Users/nicom/DOCUME~1/MATLAB/R2020b/ARDUIN~1/ARDUIN~1/FASTER~1\libcore.a(new.o)
                0x000047c0                operator new(unsigned int)
 .text._ZdlPv   0x000047c8        0x8 C:/Users/nicom/DOCUME~1/MATLAB/R2020b/ARDUIN~1/ARDUIN~1/FASTER~1\libcore.a(new.o)
                0x000047c8                operator delete(void*)
 .text._ZN5Print5writeEPKhj
                0x000047d0       0x28 C:/Users/nicom/DOCUME~1/MATLAB/R2020b/ARDUIN~1/ARDUIN~1/FASTER~1\libcore.a(Print.o)
                0x000047d0                Print::write(unsigned char const*, unsigned int)
 .text._ZN6SERCOMC2EP6Sercom
                0x000047f8        0x4 C:/Users/nicom/DOCUME~1/MATLAB/R2020b/ARDUIN~1/ARDUIN~1/FASTER~1\libcore.a(SERCOM.o)
                0x000047f8                SERCOM::SERCOM(Sercom*)
                0x000047f8                SERCOM::SERCOM(Sercom*)
 .text._ZN6SERCOM9initFrameE18SercomUartCharSize15SercomDataOrder16SercomParityMode19SercomNumberStopBit
                0x000047fc       0x38 C:/Users/nicom/DOCUME~1/MATLAB/R2020b/ARDUIN~1/ARDUIN~1/FASTER~1\libcore.a(SERCOM.o)
                0x000047fc                SERCOM::initFrame(SercomUartCharSize, SercomDataOrder, SercomParityMode, SercomNumberStopBit)
 .text._ZN6SERCOM8initPadsE15SercomUartTXPad11SercomRXPad
                0x00004834       0x26 C:/Users/nicom/DOCUME~1/MATLAB/R2020b/ARDUIN~1/ARDUIN~1/FASTER~1\libcore.a(SERCOM.o)
                0x00004834                SERCOM::initPads(SercomUartTXPad, SercomRXPad)
 .text._ZN6SERCOM9resetUARTEv
                0x0000485a       0x1c C:/Users/nicom/DOCUME~1/MATLAB/R2020b/ARDUIN~1/ARDUIN~1/FASTER~1\libcore.a(SERCOM.o)
                0x0000485a                SERCOM::resetUART()
 .text._ZN6SERCOM10enableUARTEv
                0x00004876       0x14 C:/Users/nicom/DOCUME~1/MATLAB/R2020b/ARDUIN~1/ARDUIN~1/FASTER~1\libcore.a(SERCOM.o)
                0x00004876                SERCOM::enableUART()
 .text._ZN6SERCOM9flushUARTEv
                0x0000488a       0x10 C:/Users/nicom/DOCUME~1/MATLAB/R2020b/ARDUIN~1/ARDUIN~1/FASTER~1\libcore.a(SERCOM.o)
                0x0000488a                SERCOM::flushUART()
 .text._ZN6SERCOM15clearStatusUARTEv
                0x0000489a        0x8 C:/Users/nicom/DOCUME~1/MATLAB/R2020b/ARDUIN~1/ARDUIN~1/FASTER~1\libcore.a(SERCOM.o)
                0x0000489a                SERCOM::clearStatusUART()
 .text._ZN6SERCOM17availableDataUARTEv
                0x000048a2        0xa C:/Users/nicom/DOCUME~1/MATLAB/R2020b/ARDUIN~1/ARDUIN~1/FASTER~1\libcore.a(SERCOM.o)
                0x000048a2                SERCOM::availableDataUART()
 .text._ZN6SERCOM11isUARTErrorEv
                0x000048ac        0x8 C:/Users/nicom/DOCUME~1/MATLAB/R2020b/ARDUIN~1/ARDUIN~1/FASTER~1\libcore.a(SERCOM.o)
                0x000048ac                SERCOM::isUARTError()
 .text._ZN6SERCOM20acknowledgeUARTErrorEv
                0x000048b4        0xe C:/Users/nicom/DOCUME~1/MATLAB/R2020b/ARDUIN~1/ARDUIN~1/FASTER~1\libcore.a(SERCOM.o)
                0x000048b4                SERCOM::acknowledgeUARTError()
 .text._ZN6SERCOM16isFrameErrorUARTEv
                0x000048c2        0xa C:/Users/nicom/DOCUME~1/MATLAB/R2020b/ARDUIN~1/ARDUIN~1/FASTER~1\libcore.a(SERCOM.o)
                0x000048c2                SERCOM::isFrameErrorUART()
 .text._ZN6SERCOM19clearFrameErrorUARTEv
                0x000048cc        0xc C:/Users/nicom/DOCUME~1/MATLAB/R2020b/ARDUIN~1/ARDUIN~1/FASTER~1\libcore.a(SERCOM.o)
                0x000048cc                SERCOM::clearFrameErrorUART()
 .text._ZN6SERCOM23isDataRegisterEmptyUARTEv
                0x000048d8        0xa C:/Users/nicom/DOCUME~1/MATLAB/R2020b/ARDUIN~1/ARDUIN~1/FASTER~1\libcore.a(SERCOM.o)
                0x000048d8                SERCOM::isDataRegisterEmptyUART()
 .text._ZN6SERCOM12readDataUARTEv
                0x000048e2        0x8 C:/Users/nicom/DOCUME~1/MATLAB/R2020b/ARDUIN~1/ARDUIN~1/FASTER~1\libcore.a(SERCOM.o)
                0x000048e2                SERCOM::readDataUART()
 .text._ZN6SERCOM13writeDataUARTEh
                0x000048ea        0xe C:/Users/nicom/DOCUME~1/MATLAB/R2020b/ARDUIN~1/ARDUIN~1/FASTER~1\libcore.a(SERCOM.o)
                0x000048ea                SERCOM::writeDataUART(unsigned char)
 .text._ZN6SERCOM36enableDataRegisterEmptyInterruptUARTEv
                0x000048f8        0x8 C:/Users/nicom/DOCUME~1/MATLAB/R2020b/ARDUIN~1/ARDUIN~1/FASTER~1\libcore.a(SERCOM.o)
                0x000048f8                SERCOM::enableDataRegisterEmptyInterruptUART()
 .text._ZN6SERCOM37disableDataRegisterEmptyInterruptUARTEv
                0x00004900        0x8 C:/Users/nicom/DOCUME~1/MATLAB/R2020b/ARDUIN~1/ARDUIN~1/FASTER~1\libcore.a(SERCOM.o)
                0x00004900                SERCOM::disableDataRegisterEmptyInterruptUART()
 .text._ZN6SERCOM13initClockNVICEv
                0x00004908       0xac C:/Users/nicom/DOCUME~1/MATLAB/R2020b/ARDUIN~1/ARDUIN~1/FASTER~1\libcore.a(SERCOM.o)
                0x00004908                SERCOM::initClockNVIC()
 .text._ZN6SERCOM8initUARTE14SercomUartMode20SercomUartSampleRatem
                0x000049b4       0x6c C:/Users/nicom/DOCUME~1/MATLAB/R2020b/ARDUIN~1/ARDUIN~1/FASTER~1\libcore.a(SERCOM.o)
                0x000049b4                SERCOM::initUART(SercomUartMode, SercomUartSampleRate, unsigned long)
 .text          0x00004a20       0x14 c:/programdata/matlab/supportpackages/r2020b/3p.instrset/arduinoide.instrset/tools/arm-none-eabi-gcc/4.8.3-2014q1/bin/../lib/gcc/arm-none-eabi/4.8.3/armv6-m\libgcc.a(_thumb1_case_uqi.o)
                0x00004a20                __gnu_thumb1_case_uqi
 .text          0x00004a34       0x9c c:/programdata/matlab/supportpackages/r2020b/3p.instrset/arduinoide.instrset/tools/arm-none-eabi-gcc/4.8.3-2014q1/bin/../lib/gcc/arm-none-eabi/4.8.3/armv6-m\libgcc.a(_udivsi3.o)
                0x00004a34                __aeabi_uidiv
                0x00004a34                __udivsi3
                0x00004abc                __aeabi_uidivmod
 .text          0x00004ad0        0x4 c:/programdata/matlab/supportpackages/r2020b/3p.instrset/arduinoide.instrset/tools/arm-none-eabi-gcc/4.8.3-2014q1/bin/../lib/gcc/arm-none-eabi/4.8.3/armv6-m\libgcc.a(_dvmd_tls.o)
                0x00004ad0                __aeabi_idiv0
                0x00004ad0                __aeabi_ldiv0
 .text          0x00004ad4       0x7c c:/programdata/matlab/supportpackages/r2020b/3p.instrset/arduinoide.instrset/tools/arm-none-eabi-gcc/4.8.3-2014q1/bin/../lib/gcc/arm-none-eabi/4.8.3/armv6-m\libgcc.a(_arm_cmpdf2.o)
                0x00004ad4                __aeabi_cdrcmple
                0x00004ae4                __aeabi_cdcmple
                0x00004ae4                __aeabi_cdcmpeq
                0x00004af4                __aeabi_dcmpeq
                0x00004b00                __aeabi_dcmplt
                0x00004b14                __aeabi_dcmple
                0x00004b28                __aeabi_dcmpgt
                0x00004b3c                __aeabi_dcmpge
 .text          0x00004b50       0x40 c:/programdata/matlab/supportpackages/r2020b/3p.instrset/arduinoide.instrset/tools/arm-none-eabi-gcc/4.8.3-2014q1/bin/../lib/gcc/arm-none-eabi/4.8.3/armv6-m\libgcc.a(_fixunsdfsi.o)
                0x00004b50                __aeabi_d2uiz
                0x00004b50                __fixunsdfsi
 .text          0x00004b90      0x638 c:/programdata/matlab/supportpackages/r2020b/3p.instrset/arduinoide.instrset/tools/arm-none-eabi-gcc/4.8.3-2014q1/bin/../lib/gcc/arm-none-eabi/4.8.3/armv6-m\libgcc.a(adddf3.o)
                0x00004b90                __aeabi_dadd
 .text          0x000051c8       0x94 c:/programdata/matlab/supportpackages/r2020b/3p.instrset/arduinoide.instrset/tools/arm-none-eabi-gcc/4.8.3-2014q1/bin/../lib/gcc/arm-none-eabi/4.8.3/armv6-m\libgcc.a(eqdf2.o)
                0x000051c8                __nedf2
                0x000051c8                __eqdf2
 .text          0x0000525c       0xfc c:/programdata/matlab/supportpackages/r2020b/3p.instrset/arduinoide.instrset/tools/arm-none-eabi-gcc/4.8.3-2014q1/bin/../lib/gcc/arm-none-eabi/4.8.3/armv6-m\libgcc.a(gedf2.o)
                0x0000525c                __gedf2
                0x0000525c                __gtdf2
 .text          0x00005358       0xfc c:/programdata/matlab/supportpackages/r2020b/3p.instrset/arduinoide.instrset/tools/arm-none-eabi-gcc/4.8.3-2014q1/bin/../lib/gcc/arm-none-eabi/4.8.3/armv6-m\libgcc.a(ledf2.o)
                0x00005358                __ledf2
                0x00005358                __ltdf2
 .text          0x00005454      0x520 c:/programdata/matlab/supportpackages/r2020b/3p.instrset/arduinoide.instrset/tools/arm-none-eabi-gcc/4.8.3-2014q1/bin/../lib/gcc/arm-none-eabi/4.8.3/armv6-m\libgcc.a(muldf3.o)
                0x00005454                __aeabi_dmul
 .text          0x00005974      0x654 c:/programdata/matlab/supportpackages/r2020b/3p.instrset/arduinoide.instrset/tools/arm-none-eabi-gcc/4.8.3-2014q1/bin/../lib/gcc/arm-none-eabi/4.8.3/armv6-m\libgcc.a(subdf3.o)
                0x00005974                __aeabi_dsub
 .text          0x00005fc8       0x68 c:/programdata/matlab/supportpackages/r2020b/3p.instrset/arduinoide.instrset/tools/arm-none-eabi-gcc/4.8.3-2014q1/bin/../lib/gcc/arm-none-eabi/4.8.3/armv6-m\libgcc.a(fixdfsi.o)
                0x00005fc8                __aeabi_d2iz
 .text          0x00006030       0x7c c:/programdata/matlab/supportpackages/r2020b/3p.instrset/arduinoide.instrset/tools/arm-none-eabi-gcc/4.8.3-2014q1/bin/../lib/gcc/arm-none-eabi/4.8.3/armv6-m\libgcc.a(floatsidf.o)
                0x00006030                __aeabi_i2d
 .text          0x000060ac       0x3c c:/programdata/matlab/supportpackages/r2020b/3p.instrset/arduinoide.instrset/tools/arm-none-eabi-gcc/4.8.3-2014q1/bin/../lib/gcc/arm-none-eabi/4.8.3/armv6-m\libgcc.a(_clzsi2.o)
                0x000060ac                __clzsi2
 .text.__libc_init_array
                0x000060e8       0x4c c:/programdata/matlab/supportpackages/r2020b/3p.instrset/arduinoide.instrset/tools/arm-none-eabi-gcc/4.8.3-2014q1/bin/../lib/gcc/arm-none-eabi/4.8.3/../../../../arm-none-eabi/lib/armv6-m\libg_s.a(lib_a-init.o)
                0x000060e8                __libc_init_array
 .text.malloc   0x00006134       0x14 c:/programdata/matlab/supportpackages/r2020b/3p.instrset/arduinoide.instrset/tools/arm-none-eabi-gcc/4.8.3-2014q1/bin/../lib/gcc/arm-none-eabi/4.8.3/../../../../arm-none-eabi/lib/armv6-m\libg_s.a(lib_a-malloc.o)
                0x00006134                malloc
 .text.free     0x00006148       0x14 c:/programdata/matlab/supportpackages/r2020b/3p.instrset/arduinoide.instrset/tools/arm-none-eabi-gcc/4.8.3-2014q1/bin/../lib/gcc/arm-none-eabi/4.8.3/../../../../arm-none-eabi/lib/armv6-m\libg_s.a(lib_a-malloc.o)
                0x00006148                free
 .text.memcpy   0x0000615c       0x12 c:/programdata/matlab/supportpackages/r2020b/3p.instrset/arduinoide.instrset/tools/arm-none-eabi-gcc/4.8.3-2014q1/bin/../lib/gcc/arm-none-eabi/4.8.3/../../../../arm-none-eabi/lib/armv6-m\libg_s.a(lib_a-memcpy-stub.o)
                0x0000615c                memcpy
 .text.memset   0x0000616e       0x10 c:/programdata/matlab/supportpackages/r2020b/3p.instrset/arduinoide.instrset/tools/arm-none-eabi-gcc/4.8.3-2014q1/bin/../lib/gcc/arm-none-eabi/4.8.3/../../../../arm-none-eabi/lib/armv6-m\libg_s.a(lib_a-memset.o)
                0x0000616e                memset
 *fill*         0x0000617e        0x2 
 .text._free_r  0x00006180       0x90 c:/programdata/matlab/supportpackages/r2020b/3p.instrset/arduinoide.instrset/tools/arm-none-eabi-gcc/4.8.3-2014q1/bin/../lib/gcc/arm-none-eabi/4.8.3/../../../../arm-none-eabi/lib/armv6-m\libg_s.a(lib_a-nano-freer.o)
                0x00006180                _free_r
 .text._malloc_r
                0x00006210       0xa8 c:/programdata/matlab/supportpackages/r2020b/3p.instrset/arduinoide.instrset/tools/arm-none-eabi-gcc/4.8.3-2014q1/bin/../lib/gcc/arm-none-eabi/4.8.3/../../../../arm-none-eabi/lib/armv6-m\libg_s.a(lib_a-nano-mallocr.o)
                0x00006210                _malloc_r
 .text._sbrk_r  0x000062b8       0x24 c:/programdata/matlab/supportpackages/r2020b/3p.instrset/arduinoide.instrset/tools/arm-none-eabi-gcc/4.8.3-2014q1/bin/../lib/gcc/arm-none-eabi/4.8.3/../../../../arm-none-eabi/lib/armv6-m\libg_s.a(lib_a-sbrkr.o)
                0x000062b8                _sbrk_r
 .text.strlen   0x000062dc        0xe c:/programdata/matlab/supportpackages/r2020b/3p.instrset/arduinoide.instrset/tools/arm-none-eabi-gcc/4.8.3-2014q1/bin/../lib/gcc/arm-none-eabi/4.8.3/../../../../arm-none-eabi/lib/armv6-m\libg_s.a(lib_a-strlen.o)
                0x000062dc                strlen
 *fill*         0x000062ea        0x2 
 .text._sbrk    0x000062ec       0x34 c:/programdata/matlab/supportpackages/r2020b/3p.instrset/arduinoide.instrset/tools/arm-none-eabi-gcc/4.8.3-2014q1/bin/../lib/gcc/arm-none-eabi/4.8.3/../../../../arm-none-eabi/lib/armv6-m\libnosys.a(sbrk.o)
                0x000062ec                _sbrk
 *(.init)
 .init          0x00006320        0x4 c:/programdata/matlab/supportpackages/r2020b/3p.instrset/arduinoide.instrset/tools/arm-none-eabi-gcc/4.8.3-2014q1/bin/../lib/gcc/arm-none-eabi/4.8.3/armv6-m/crti.o
                0x00006320                _init
 .init          0x00006324        0x8 c:/programdata/matlab/supportpackages/r2020b/3p.instrset/arduinoide.instrset/tools/arm-none-eabi-gcc/4.8.3-2014q1/bin/../lib/gcc/arm-none-eabi/4.8.3/armv6-m/crtn.o
 *(.fini)
 .fini          0x0000632c        0x4 c:/programdata/matlab/supportpackages/r2020b/3p.instrset/arduinoide.instrset/tools/arm-none-eabi-gcc/4.8.3-2014q1/bin/../lib/gcc/arm-none-eabi/4.8.3/armv6-m/crti.o
                0x0000632c                _fini
 .fini          0x00006330        0x8 c:/programdata/matlab/supportpackages/r2020b/3p.instrset/arduinoide.instrset/tools/arm-none-eabi-gcc/4.8.3-2014q1/bin/../lib/gcc/arm-none-eabi/4.8.3/armv6-m/crtn.o
 *crtbegin.o(.ctors)
 *crtbegin?.o(.ctors)
 *(EXCLUDE_FILE(*crtend.o *crtend?.o) .ctors)
 *(SORT(.ctors.*))
 *(.ctors)
 *crtbegin.o(.dtors)
 *crtbegin?.o(.dtors)
 *(EXCLUDE_FILE(*crtend.o *crtend?.o) .dtors)
 *(SORT(.dtors.*))
 *(.dtors)
 *(.rodata*)
 .rodata.TestLed_M
                0x00006338        0x4 TestLed.o
                0x00006338                TestLed_M
 *fill*         0x0000633c        0x4 
 .rodata._ZTV4Uart
                0x00006340       0x38 C:/Users/nicom/DOCUME~1/MATLAB/R2020b/ARDUIN~1/ARDUIN~1/FASTER~1\libcore.a(Uart.o)
                0x00006340                vtable for Uart
 .rodata._ZTV7Serial_
                0x00006378       0x58 C:/Users/nicom/DOCUME~1/MATLAB/R2020b/ARDUIN~1/ARDUIN~1/FASTER~1\libcore.a(CDC.o)
                0x00006378                vtable for Serial_
 .rodata._ZTV26DoubleBufferedEPOutHandler
                0x000063d0       0x28 C:/Users/nicom/DOCUME~1/MATLAB/R2020b/ARDUIN~1/ARDUIN~1/FASTER~1\libcore.a(USBCore.o)
                0x000063d0                vtable for DoubleBufferedEPOutHandler
 .rodata._ZL15STRING_LANGUAGE
                0x000063f8        0x4 C:/Users/nicom/DOCUME~1/MATLAB/R2020b/ARDUIN~1/ARDUIN~1/FASTER~1\libcore.a(USBCore.o)
 .rodata._ZL21USB_DeviceDescriptorB
                0x000063fc       0x12 C:/Users/nicom/DOCUME~1/MATLAB/R2020b/ARDUIN~1/ARDUIN~1/FASTER~1\libcore.a(USBCore.o)
 .rodata._ZL19STRING_MANUFACTURER
                0x0000640e        0xc C:/Users/nicom/DOCUME~1/MATLAB/R2020b/ARDUIN~1/ARDUIN~1/FASTER~1\libcore.a(USBCore.o)
 .rodata._ZL14STRING_PRODUCT
                0x0000641a       0x16 C:/Users/nicom/DOCUME~1/MATLAB/R2020b/ARDUIN~1/ARDUIN~1/FASTER~1\libcore.a(USBCore.o)
 .rodata.g_APinDescription
                0x00006430      0x360 C:/Users/nicom/DOCUME~1/MATLAB/R2020b/ARDUIN~1/ARDUIN~1/FASTER~1\libcore.a(variant.o)
                0x00006430                g_APinDescription
 .rodata        0x00006790       0x40 c:/programdata/matlab/supportpackages/r2020b/3p.instrset/arduinoide.instrset/tools/arm-none-eabi-gcc/4.8.3-2014q1/bin/../lib/gcc/arm-none-eabi/4.8.3/armv6-m\libgcc.a(muldf3.o)
 .rodata.str1.1
                0x000067d0        0x2 c:/programdata/matlab/supportpackages/r2020b/3p.instrset/arduinoide.instrset/tools/arm-none-eabi-gcc/4.8.3-2014q1/bin/../lib/gcc/arm-none-eabi/4.8.3/../../../../arm-none-eabi/lib/armv6-m\libg_s.a(lib_a-impure.o)
 *(.eh_frame*)
 *fill*         0x000067d2        0x2 
 .eh_frame      0x000067d4        0x0 c:/programdata/matlab/supportpackages/r2020b/3p.instrset/arduinoide.instrset/tools/arm-none-eabi-gcc/4.8.3-2014q1/bin/../lib/gcc/arm-none-eabi/4.8.3/armv6-m/crtbegin.o
 .eh_frame      0x000067d4        0x4 c:/programdata/matlab/supportpackages/r2020b/3p.instrset/arduinoide.instrset/tools/arm-none-eabi-gcc/4.8.3-2014q1/bin/../lib/gcc/arm-none-eabi/4.8.3/armv6-m/crtend.o

.glue_7         0x000067d8        0x0
 .glue_7        0x00000000        0x0 linker stubs

.glue_7t        0x000067d8        0x0
 .glue_7t       0x00000000        0x0 linker stubs

.vfp11_veneer   0x000067d8        0x0
 .vfp11_veneer  0x00000000        0x0 linker stubs

.v4_bx          0x000067d8        0x0
 .v4_bx         0x00000000        0x0 linker stubs

.iplt           0x000067d8        0x0
 .iplt          0x00000000        0x0 c:/programdata/matlab/supportpackages/r2020b/3p.instrset/arduinoide.instrset/tools/arm-none-eabi-gcc/4.8.3-2014q1/bin/../lib/gcc/arm-none-eabi/4.8.3/armv6-m/crtbegin.o

.rel.dyn        0x000067d8        0x0
 .rel.iplt      0x00000000        0x0 c:/programdata/matlab/supportpackages/r2020b/3p.instrset/arduinoide.instrset/tools/arm-none-eabi-gcc/4.8.3-2014q1/bin/../lib/gcc/arm-none-eabi/4.8.3/armv6-m/crtbegin.o

.ARM.extab
 *(.ARM.extab* .gnu.linkonce.armextab.*)
                0x000067d8                __exidx_start = .

.ARM.exidx
 *(.ARM.exidx* .gnu.linkonce.armexidx.*)
                0x000067d8                __exidx_end = .
                0x000067d8                __etext = .

.data           0x20000000       0xc0 load address 0x000067d8
                0x20000000                __data_start__ = .
 *(vtable)
 *(.data*)
 .data.TestLed_P
                0x20000000       0x20 TestLed_data.o
                0x20000000                TestLed_P
 .data.SystemCoreClock
                0x20000020        0x4 C:/Users/nicom/DOCUME~1/MATLAB/R2020b/ARDUIN~1/ARDUIN~1/FASTER~1\libcore.a(wiring.o)
                0x20000020                SystemCoreClock
 .data._ZL5ticks
                0x20000024        0x4 C:/Users/nicom/DOCUME~1/MATLAB/R2020b/ARDUIN~1/ARDUIN~1/FASTER~1\libcore.a(Reset.o)
 .data._serialPeek
                0x20000028        0x4 C:/Users/nicom/DOCUME~1/MATLAB/R2020b/ARDUIN~1/ARDUIN~1/FASTER~1\libcore.a(CDC.o)
                0x20000028                _serialPeek
 .data._ZL10breakValue
                0x2000002c        0x4 C:/Users/nicom/DOCUME~1/MATLAB/R2020b/ARDUIN~1/ARDUIN~1/FASTER~1\libcore.a(CDC.o)
 .data._ZL12_usbLineInfo
                0x20000030        0x8 C:/Users/nicom/DOCUME~1/MATLAB/R2020b/ARDUIN~1/ARDUIN~1/FASTER~1\libcore.a(CDC.o)
 .data.impure_data
                0x20000038       0x60 c:/programdata/matlab/supportpackages/r2020b/3p.instrset/arduinoide.instrset/tools/arm-none-eabi-gcc/4.8.3-2014q1/bin/../lib/gcc/arm-none-eabi/4.8.3/../../../../arm-none-eabi/lib/armv6-m\libg_s.a(lib_a-impure.o)
 .data._impure_ptr
                0x20000098        0x4 c:/programdata/matlab/supportpackages/r2020b/3p.instrset/arduinoide.instrset/tools/arm-none-eabi-gcc/4.8.3-2014q1/bin/../lib/gcc/arm-none-eabi/4.8.3/../../../../arm-none-eabi/lib/armv6-m\libg_s.a(lib_a-impure.o)
                0x20000098                _impure_ptr
                0x2000009c                . = ALIGN (0x4)
                0x2000009c                PROVIDE (__preinit_array_start, .)
 *(.preinit_array)
                0x2000009c                PROVIDE (__preinit_array_end, .)
                0x2000009c                . = ALIGN (0x4)
                0x2000009c                PROVIDE (__init_array_start, .)
 *(SORT(.init_array.*))
 *(.init_array)
 .init_array    0x2000009c        0x4 c:/programdata/matlab/supportpackages/r2020b/3p.instrset/arduinoide.instrset/tools/arm-none-eabi-gcc/4.8.3-2014q1/bin/../lib/gcc/arm-none-eabi/4.8.3/armv6-m/crtbegin.o
 .init_array    0x200000a0        0x4 C:/Users/nicom/DOCUME~1/MATLAB/R2020b/ARDUIN~1/ARDUIN~1/FASTER~1\libcore.a(CDC.o)
 .init_array    0x200000a4        0x4 C:/Users/nicom/DOCUME~1/MATLAB/R2020b/ARDUIN~1/ARDUIN~1/FASTER~1\libcore.a(USBCore.o)
 .init_array    0x200000a8        0x4 C:/Users/nicom/DOCUME~1/MATLAB/R2020b/ARDUIN~1/ARDUIN~1/FASTER~1\libcore.a(variant.o)
                0x200000ac                PROVIDE (__init_array_end, .)
                0x200000ac                . = ALIGN (0x4)
                0x200000ac                PROVIDE (__fini_array_start, .)
 *(SORT(.fini_array.*))
 *(.fini_array)
 .fini_array    0x200000ac        0x4 c:/programdata/matlab/supportpackages/r2020b/3p.instrset/arduinoide.instrset/tools/arm-none-eabi-gcc/4.8.3-2014q1/bin/../lib/gcc/arm-none-eabi/4.8.3/armv6-m/crtbegin.o
                0x200000b0                PROVIDE (__fini_array_end, .)
 *(.jcr*)
 .jcr           0x200000b0        0x0 c:/programdata/matlab/supportpackages/r2020b/3p.instrset/arduinoide.instrset/tools/arm-none-eabi-gcc/4.8.3-2014q1/bin/../lib/gcc/arm-none-eabi/4.8.3/armv6-m/crtbegin.o
 .jcr           0x200000b0        0x4 c:/programdata/matlab/supportpackages/r2020b/3p.instrset/arduinoide.instrset/tools/arm-none-eabi-gcc/4.8.3-2014q1/bin/../lib/gcc/arm-none-eabi/4.8.3/armv6-m/crtend.o
                0x200000c0                . = ALIGN (0x10)
 *fill*         0x200000b4        0xc 
                0x200000c0                __data_end__ = .

.igot.plt       0x200000c0        0x0 load address 0x00006898
 .igot.plt      0x00000000        0x0 c:/programdata/matlab/supportpackages/r2020b/3p.instrset/arduinoide.instrset/tools/arm-none-eabi-gcc/4.8.3-2014q1/bin/../lib/gcc/arm-none-eabi/4.8.3/armv6-m/crtbegin.o

.bss            0x200000c0      0xb10 load address 0x00006898
                0x200000c0                . = ALIGN (0x4)
                0x200000c0                __bss_start__ = .
 *(.bss*)
 .bss           0x200000c0       0x1c c:/programdata/matlab/supportpackages/r2020b/3p.instrset/arduinoide.instrset/tools/arm-none-eabi-gcc/4.8.3-2014q1/bin/../lib/gcc/arm-none-eabi/4.8.3/armv6-m/crtbegin.o
 .bss.TestLed_M_
                0x200000dc        0x4 TestLed.o
 .bss.OverrunFlag
                0x200000e0        0x1 ert_main.o
 *fill*         0x200000e1        0x3 
 .bss.IsrOverrun
                0x200000e4        0x4 ert_main.o
                0x200000e4                IsrOverrun
 .bss.usb_isr   0x200000e8        0x4 C:/Users/nicom/DOCUME~1/MATLAB/R2020b/ARDUIN~1/ARDUIN~1/FASTER~1\libcore.a(cortex_handlers.o)
 .bss._ulTickCount
                0x200000ec        0x4 C:/Users/nicom/DOCUME~1/MATLAB/R2020b/ARDUIN~1/ARDUIN~1/FASTER~1\libcore.a(delay.o)
 .bss.SerialUSB
                0x200000f0       0x34 C:/Users/nicom/DOCUME~1/MATLAB/R2020b/ARDUIN~1/ARDUIN~1/FASTER~1\libcore.a(CDC.o)
                0x200000f0                SerialUSB
 .bss._ZZ12PluggableUSBvE3obj
                0x20000124        0x8 C:/Users/nicom/DOCUME~1/MATLAB/R2020b/ARDUIN~1/ARDUIN~1/FASTER~1\libcore.a(PluggableUSB.o)
 .bss._ZGVZ12PluggableUSBvE3obj
                0x2000012c        0x4 C:/Users/nicom/DOCUME~1/MATLAB/R2020b/ARDUIN~1/ARDUIN~1/FASTER~1\libcore.a(PluggableUSB.o)
 .bss._ZL14isEndpointHalt
                0x20000130        0x1 C:/Users/nicom/DOCUME~1/MATLAB/R2020b/ARDUIN~1/ARDUIN~1/FASTER~1\libcore.a(USBCore.o)
 *fill*         0x20000131        0x3 
 .bss.EndPoints
                0x20000134       0x28 C:/Users/nicom/DOCUME~1/MATLAB/R2020b/ARDUIN~1/ARDUIN~1/FASTER~1\libcore.a(USBCore.o)
                0x20000134                EndPoints
 .bss._pack_buffer
                0x2000015c      0x100 C:/Users/nicom/DOCUME~1/MATLAB/R2020b/ARDUIN~1/ARDUIN~1/FASTER~1\libcore.a(USBCore.o)
                0x2000015c                _pack_buffer
 .bss._pack_size
                0x2000025c        0x2 C:/Users/nicom/DOCUME~1/MATLAB/R2020b/ARDUIN~1/ARDUIN~1/FASTER~1\libcore.a(USBCore.o)
                0x2000025c                _pack_size
 .bss._ZL20LastTransmitTimedOut
                0x2000025e        0x7 C:/Users/nicom/DOCUME~1/MATLAB/R2020b/ARDUIN~1/ARDUIN~1/FASTER~1\libcore.a(USBCore.o)
 *fill*         0x20000265        0x3 
 .bss._ZL22udd_ep_in_cache_buffer
                0x20000268      0x1c0 C:/Users/nicom/DOCUME~1/MATLAB/R2020b/ARDUIN~1/ARDUIN~1/FASTER~1\libcore.a(USBCore.o)
 .bss._ZL23udd_ep_out_cache_buffer
                0x20000428      0x1c0 C:/Users/nicom/DOCUME~1/MATLAB/R2020b/ARDUIN~1/ARDUIN~1/FASTER~1\libcore.a(USBCore.o)
 .bss._ZL10epHandlers
                0x200005e8       0x1c C:/Users/nicom/DOCUME~1/MATLAB/R2020b/ARDUIN~1/ARDUIN~1/FASTER~1\libcore.a(USBCore.o)
 .bss._pack_message
                0x20000604        0x1 C:/Users/nicom/DOCUME~1/MATLAB/R2020b/ARDUIN~1/ARDUIN~1/FASTER~1\libcore.a(USBCore.o)
                0x20000604                _pack_message
 .bss._ZL21isRemoteWakeUpEnabled
                0x20000605        0x1 C:/Users/nicom/DOCUME~1/MATLAB/R2020b/ARDUIN~1/ARDUIN~1/FASTER~1\libcore.a(USBCore.o)
 .bss._dry_run  0x20000606        0x1 C:/Users/nicom/DOCUME~1/MATLAB/R2020b/ARDUIN~1/ARDUIN~1/FASTER~1\libcore.a(USBCore.o)
                0x20000606                _dry_run
 .bss.USBDevice
                0x20000607        0x1 C:/Users/nicom/DOCUME~1/MATLAB/R2020b/ARDUIN~1/ARDUIN~1/FASTER~1\libcore.a(USBCore.o)
                0x20000607                USBDevice
 .bss._usbSetInterface
                0x20000608        0x4 C:/Users/nicom/DOCUME~1/MATLAB/R2020b/ARDUIN~1/ARDUIN~1/FASTER~1\libcore.a(USBCore.o)
                0x20000608                _usbSetInterface
 .bss.usbd      0x2000060c      0x104 C:/Users/nicom/DOCUME~1/MATLAB/R2020b/ARDUIN~1/ARDUIN~1/FASTER~1\libcore.a(USBCore.o)
                0x2000060c                usbd
 .bss._usbConfiguration
                0x20000710        0x4 C:/Users/nicom/DOCUME~1/MATLAB/R2020b/ARDUIN~1/ARDUIN~1/FASTER~1\libcore.a(USBCore.o)
                0x20000710                _usbConfiguration
 .bss.Serial1   0x20000714      0x23c C:/Users/nicom/DOCUME~1/MATLAB/R2020b/ARDUIN~1/ARDUIN~1/FASTER~1\libcore.a(variant.o)
                0x20000714                Serial1
 .bss.Serial2   0x20000950      0x23c C:/Users/nicom/DOCUME~1/MATLAB/R2020b/ARDUIN~1/ARDUIN~1/FASTER~1\libcore.a(variant.o)
                0x20000950                Serial2
 .bss.sercom3   0x20000b8c        0x4 C:/Users/nicom/DOCUME~1/MATLAB/R2020b/ARDUIN~1/ARDUIN~1/FASTER~1\libcore.a(variant.o)
                0x20000b8c                sercom3
 .bss.sercom0   0x20000b90        0x4 C:/Users/nicom/DOCUME~1/MATLAB/R2020b/ARDUIN~1/ARDUIN~1/FASTER~1\libcore.a(variant.o)
                0x20000b90                sercom0
 .bss.sercom1   0x20000b94        0x4 C:/Users/nicom/DOCUME~1/MATLAB/R2020b/ARDUIN~1/ARDUIN~1/FASTER~1\libcore.a(variant.o)
                0x20000b94                sercom1
 .bss.sercom2   0x20000b98        0x4 C:/Users/nicom/DOCUME~1/MATLAB/R2020b/ARDUIN~1/ARDUIN~1/FASTER~1\libcore.a(variant.o)
                0x20000b98                sercom2
 .bss.sercom4   0x20000b9c        0x4 C:/Users/nicom/DOCUME~1/MATLAB/R2020b/ARDUIN~1/ARDUIN~1/FASTER~1\libcore.a(variant.o)
                0x20000b9c                sercom4
 .bss.sercom5   0x20000ba0        0x4 C:/Users/nicom/DOCUME~1/MATLAB/R2020b/ARDUIN~1/ARDUIN~1/FASTER~1\libcore.a(variant.o)
                0x20000ba0                sercom5
 .bss.__malloc_sbrk_start
                0x20000ba4        0x4 c:/programdata/matlab/supportpackages/r2020b/3p.instrset/arduinoide.instrset/tools/arm-none-eabi-gcc/4.8.3-2014q1/bin/../lib/gcc/arm-none-eabi/4.8.3/../../../../arm-none-eabi/lib/armv6-m\libg_s.a(lib_a-nano-mallocr.o)
                0x20000ba4                __malloc_sbrk_start
 .bss.__malloc_free_list
                0x20000ba8        0x4 c:/programdata/matlab/supportpackages/r2020b/3p.instrset/arduinoide.instrset/tools/arm-none-eabi-gcc/4.8.3-2014q1/bin/../lib/gcc/arm-none-eabi/4.8.3/../../../../arm-none-eabi/lib/armv6-m\libg_s.a(lib_a-nano-mallocr.o)
                0x20000ba8                __malloc_free_list
 .bss.heap_end.4243
                0x20000bac        0x4 c:/programdata/matlab/supportpackages/r2020b/3p.instrset/arduinoide.instrset/tools/arm-none-eabi-gcc/4.8.3-2014q1/bin/../lib/gcc/arm-none-eabi/4.8.3/../../../../arm-none-eabi/lib/armv6-m\libnosys.a(sbrk.o)
 *(COMMON)
 COMMON         0x20000bb0       0x18 TestLed.o
                0x20000bb0                TestLed_DW
 COMMON         0x20000bc8        0x2 ert_main.o
                0x20000bc8                runModel
                0x20000bc9                stopRequested
 *fill*         0x20000bca        0x2 
 COMMON         0x20000bcc        0x4 c:/programdata/matlab/supportpackages/r2020b/3p.instrset/arduinoide.instrset/tools/arm-none-eabi-gcc/4.8.3-2014q1/bin/../lib/gcc/arm-none-eabi/4.8.3/../../../../arm-none-eabi/lib/armv6-m\libg_s.a(lib_a-reent.o)
                0x20000bcc                errno
                0x20000bd0                . = ALIGN (0x4)
                0x20000bd0                __bss_end__ = .

.heap           0x20000bd0        0x0
                0x20000bd0                __end__ = .
                0x20000bd0                PROVIDE (end, .)
 *(.heap*)
                0x20000bd0                __HeapLimit = .

.stack_dummy    0x20000bd0        0x0
 *(.stack*)
                0x20008000                __StackTop = (ORIGIN (RAM) + 0x8000)
                0x20008000                __StackLimit = (__StackTop - SIZEOF (.stack_dummy))
                0x20008000                PROVIDE (__stack, __StackTop)
                0x20007fff                __ram_end__ = ((ORIGIN (RAM) + 0x8000) - 0x1)
                0x00000001                ASSERT ((__StackLimit >= __HeapLimit), region RAM overflowed with stack)
OUTPUT(../TestLed.elf elf32-littlearm)

.ARM.attributes
                0x00000000       0x28
 .ARM.attributes
                0x00000000       0x1e c:/programdata/matlab/supportpackages/r2020b/3p.instrset/arduinoide.instrset/tools/arm-none-eabi-gcc/4.8.3-2014q1/bin/../lib/gcc/arm-none-eabi/4.8.3/armv6-m/crti.o
 .ARM.attributes
                0x0000001e       0x2c c:/programdata/matlab/supportpackages/r2020b/3p.instrset/arduinoide.instrset/tools/arm-none-eabi-gcc/4.8.3-2014q1/bin/../lib/gcc/arm-none-eabi/4.8.3/armv6-m/crtbegin.o
 .ARM.attributes
                0x0000004a       0x32 MW_arduino_digitalio.o
 .ARM.attributes
                0x0000007c       0x32 TestLed.o
 .ARM.attributes
                0x000000ae       0x32 TestLed_data.o
 .ARM.attributes
                0x000000e0       0x32 MW_ArduinoHWInit.o
 .ARM.attributes
                0x00000112       0x32 io_wrappers.o
 .ARM.attributes
                0x00000144       0x32 arduinoARM_M0plusScheduler.o
 .ARM.attributes
                0x00000176       0x32 m0m1m0plus_multitasking.o
 .ARM.attributes
                0x000001a8       0x32 ert_main.o
 .ARM.attributes
                0x000001da       0x2c c:/programdata/matlab/supportpackages/r2020b/3p.instrset/arduinoide.instrset/tools/arm-none-eabi-gcc/4.8.3-2014q1/bin/../lib/gcc/arm-none-eabi/4.8.3/../../../../arm-none-eabi/lib/armv6-m\libm.a(lib_a-s_ceil.o)
 .ARM.attributes
                0x00000206       0x2c c:/programdata/matlab/supportpackages/r2020b/3p.instrset/arduinoide.instrset/tools/arm-none-eabi-gcc/4.8.3-2014q1/bin/../lib/gcc/arm-none-eabi/4.8.3/../../../../arm-none-eabi/lib/armv6-m\libm.a(lib_a-s_floor.o)
 .ARM.attributes
                0x00000232       0x32 C:/Users/nicom/DOCUME~1/MATLAB/R2020b/ARDUIN~1/ARDUIN~1/FASTER~1\libcore.a(cortex_handlers.o)
 .ARM.attributes
                0x00000264       0x32 C:/Users/nicom/DOCUME~1/MATLAB/R2020b/ARDUIN~1/ARDUIN~1/FASTER~1\libcore.a(hooks.o)
 .ARM.attributes
                0x00000296       0x32 C:/Users/nicom/DOCUME~1/MATLAB/R2020b/ARDUIN~1/ARDUIN~1/FASTER~1\libcore.a(delay.o)
 .ARM.attributes
                0x000002c8       0x32 C:/Users/nicom/DOCUME~1/MATLAB/R2020b/ARDUIN~1/ARDUIN~1/FASTER~1\libcore.a(startup.o)
 .ARM.attributes
                0x000002fa       0x32 C:/Users/nicom/DOCUME~1/MATLAB/R2020b/ARDUIN~1/ARDUIN~1/FASTER~1\libcore.a(wiring.o)
 .ARM.attributes
                0x0000032c       0x32 C:/Users/nicom/DOCUME~1/MATLAB/R2020b/ARDUIN~1/ARDUIN~1/FASTER~1\libcore.a(wiring_analog.o)
 .ARM.attributes
                0x0000035e       0x32 C:/Users/nicom/DOCUME~1/MATLAB/R2020b/ARDUIN~1/ARDUIN~1/FASTER~1\libcore.a(wiring_digital.o)
 .ARM.attributes
                0x00000390       0x32 C:/Users/nicom/DOCUME~1/MATLAB/R2020b/ARDUIN~1/ARDUIN~1/FASTER~1\libcore.a(wiring_private.o)
 .ARM.attributes
                0x000003c2       0x32 C:/Users/nicom/DOCUME~1/MATLAB/R2020b/ARDUIN~1/ARDUIN~1/FASTER~1\libcore.a(Reset.o)
 .ARM.attributes
                0x000003f4       0x32 C:/Users/nicom/DOCUME~1/MATLAB/R2020b/ARDUIN~1/ARDUIN~1/FASTER~1\libcore.a(Uart.o)
 .ARM.attributes
                0x00000426       0x32 C:/Users/nicom/DOCUME~1/MATLAB/R2020b/ARDUIN~1/ARDUIN~1/FASTER~1\libcore.a(CDC.o)
 .ARM.attributes
                0x00000458       0x32 C:/Users/nicom/DOCUME~1/MATLAB/R2020b/ARDUIN~1/ARDUIN~1/FASTER~1\libcore.a(PluggableUSB.o)
 .ARM.attributes
                0x0000048a       0x32 C:/Users/nicom/DOCUME~1/MATLAB/R2020b/ARDUIN~1/ARDUIN~1/FASTER~1\libcore.a(USBCore.o)
 .ARM.attributes
                0x000004bc       0x32 C:/Users/nicom/DOCUME~1/MATLAB/R2020b/ARDUIN~1/ARDUIN~1/FASTER~1\libcore.a(variant.o)
 .ARM.attributes
                0x000004ee       0x32 C:/Users/nicom/DOCUME~1/MATLAB/R2020b/ARDUIN~1/ARDUIN~1/FASTER~1\libcore.a(new.o)
 .ARM.attributes
                0x00000520       0x32 C:/Users/nicom/DOCUME~1/MATLAB/R2020b/ARDUIN~1/ARDUIN~1/FASTER~1\libcore.a(Print.o)
 .ARM.attributes
                0x00000552       0x32 C:/Users/nicom/DOCUME~1/MATLAB/R2020b/ARDUIN~1/ARDUIN~1/FASTER~1\libcore.a(SERCOM.o)
 .ARM.attributes
                0x00000584       0x1e c:/programdata/matlab/supportpackages/r2020b/3p.instrset/arduinoide.instrset/tools/arm-none-eabi-gcc/4.8.3-2014q1/bin/../lib/gcc/arm-none-eabi/4.8.3/armv6-m\libgcc.a(_thumb1_case_uqi.o)
 .ARM.attributes
                0x000005a2       0x1e c:/programdata/matlab/supportpackages/r2020b/3p.instrset/arduinoide.instrset/tools/arm-none-eabi-gcc/4.8.3-2014q1/bin/../lib/gcc/arm-none-eabi/4.8.3/armv6-m\libgcc.a(_udivsi3.o)
 .ARM.attributes
                0x000005c0       0x1e c:/programdata/matlab/supportpackages/r2020b/3p.instrset/arduinoide.instrset/tools/arm-none-eabi-gcc/4.8.3-2014q1/bin/../lib/gcc/arm-none-eabi/4.8.3/armv6-m\libgcc.a(_dvmd_tls.o)
 .ARM.attributes
                0x000005de       0x1e c:/programdata/matlab/supportpackages/r2020b/3p.instrset/arduinoide.instrset/tools/arm-none-eabi-gcc/4.8.3-2014q1/bin/../lib/gcc/arm-none-eabi/4.8.3/armv6-m\libgcc.a(_arm_cmpdf2.o)
 .ARM.attributes
                0x000005fc       0x2c c:/programdata/matlab/supportpackages/r2020b/3p.instrset/arduinoide.instrset/tools/arm-none-eabi-gcc/4.8.3-2014q1/bin/../lib/gcc/arm-none-eabi/4.8.3/armv6-m\libgcc.a(_fixunsdfsi.o)
 .ARM.attributes
                0x00000628       0x2c c:/programdata/matlab/supportpackages/r2020b/3p.instrset/arduinoide.instrset/tools/arm-none-eabi-gcc/4.8.3-2014q1/bin/../lib/gcc/arm-none-eabi/4.8.3/armv6-m\libgcc.a(adddf3.o)
 .ARM.attributes
                0x00000654       0x2c c:/programdata/matlab/supportpackages/r2020b/3p.instrset/arduinoide.instrset/tools/arm-none-eabi-gcc/4.8.3-2014q1/bin/../lib/gcc/arm-none-eabi/4.8.3/armv6-m\libgcc.a(eqdf2.o)
 .ARM.attributes
                0x00000680       0x2c c:/programdata/matlab/supportpackages/r2020b/3p.instrset/arduinoide.instrset/tools/arm-none-eabi-gcc/4.8.3-2014q1/bin/../lib/gcc/arm-none-eabi/4.8.3/armv6-m\libgcc.a(gedf2.o)
 .ARM.attributes
                0x000006ac       0x2c c:/programdata/matlab/supportpackages/r2020b/3p.instrset/arduinoide.instrset/tools/arm-none-eabi-gcc/4.8.3-2014q1/bin/../lib/gcc/arm-none-eabi/4.8.3/armv6-m\libgcc.a(ledf2.o)
 .ARM.attributes
                0x000006d8       0x2c c:/programdata/matlab/supportpackages/r2020b/3p.instrset/arduinoide.instrset/tools/arm-none-eabi-gcc/4.8.3-2014q1/bin/../lib/gcc/arm-none-eabi/4.8.3/armv6-m\libgcc.a(muldf3.o)
 .ARM.attributes
                0x00000704       0x2c c:/programdata/matlab/supportpackages/r2020b/3p.instrset/arduinoide.instrset/tools/arm-none-eabi-gcc/4.8.3-2014q1/bin/../lib/gcc/arm-none-eabi/4.8.3/armv6-m\libgcc.a(subdf3.o)
 .ARM.attributes
                0x00000730       0x2c c:/programdata/matlab/supportpackages/r2020b/3p.instrset/arduinoide.instrset/tools/arm-none-eabi-gcc/4.8.3-2014q1/bin/../lib/gcc/arm-none-eabi/4.8.3/armv6-m\libgcc.a(fixdfsi.o)
 .ARM.attributes
                0x0000075c       0x2c c:/programdata/matlab/supportpackages/r2020b/3p.instrset/arduinoide.instrset/tools/arm-none-eabi-gcc/4.8.3-2014q1/bin/../lib/gcc/arm-none-eabi/4.8.3/armv6-m\libgcc.a(floatsidf.o)
 .ARM.attributes
                0x00000788       0x1e c:/programdata/matlab/supportpackages/r2020b/3p.instrset/arduinoide.instrset/tools/arm-none-eabi-gcc/4.8.3-2014q1/bin/../lib/gcc/arm-none-eabi/4.8.3/armv6-m\libgcc.a(_clzsi2.o)
 .ARM.attributes
                0x000007a6       0x2c c:/programdata/matlab/supportpackages/r2020b/3p.instrset/arduinoide.instrset/tools/arm-none-eabi-gcc/4.8.3-2014q1/bin/../lib/gcc/arm-none-eabi/4.8.3/../../../../arm-none-eabi/lib/armv6-m\libg_s.a(lib_a-impure.o)
 .ARM.attributes
                0x000007d2       0x2c c:/programdata/matlab/supportpackages/r2020b/3p.instrset/arduinoide.instrset/tools/arm-none-eabi-gcc/4.8.3-2014q1/bin/../lib/gcc/arm-none-eabi/4.8.3/../../../../arm-none-eabi/lib/armv6-m\libg_s.a(lib_a-init.o)
 .ARM.attributes
                0x000007fe       0x2c c:/programdata/matlab/supportpackages/r2020b/3p.instrset/arduinoide.instrset/tools/arm-none-eabi-gcc/4.8.3-2014q1/bin/../lib/gcc/arm-none-eabi/4.8.3/../../../../arm-none-eabi/lib/armv6-m\libg_s.a(lib_a-malloc.o)
 .ARM.attributes
                0x0000082a       0x2c c:/programdata/matlab/supportpackages/r2020b/3p.instrset/arduinoide.instrset/tools/arm-none-eabi-gcc/4.8.3-2014q1/bin/../lib/gcc/arm-none-eabi/4.8.3/../../../../arm-none-eabi/lib/armv6-m\libg_s.a(lib_a-memcpy-stub.o)
 .ARM.attributes
                0x00000856       0x2c c:/programdata/matlab/supportpackages/r2020b/3p.instrset/arduinoide.instrset/tools/arm-none-eabi-gcc/4.8.3-2014q1/bin/../lib/gcc/arm-none-eabi/4.8.3/../../../../arm-none-eabi/lib/armv6-m\libg_s.a(lib_a-memset.o)
 .ARM.attributes
                0x00000882       0x2c c:/programdata/matlab/supportpackages/r2020b/3p.instrset/arduinoide.instrset/tools/arm-none-eabi-gcc/4.8.3-2014q1/bin/../lib/gcc/arm-none-eabi/4.8.3/../../../../arm-none-eabi/lib/armv6-m\libg_s.a(lib_a-nano-freer.o)
 .ARM.attributes
                0x000008ae       0x2c c:/programdata/matlab/supportpackages/r2020b/3p.instrset/arduinoide.instrset/tools/arm-none-eabi-gcc/4.8.3-2014q1/bin/../lib/gcc/arm-none-eabi/4.8.3/../../../../arm-none-eabi/lib/armv6-m\libg_s.a(lib_a-nano-mallocr.o)
 .ARM.attributes
                0x000008da       0x2c c:/programdata/matlab/supportpackages/r2020b/3p.instrset/arduinoide.instrset/tools/arm-none-eabi-gcc/4.8.3-2014q1/bin/../lib/gcc/arm-none-eabi/4.8.3/../../../../arm-none-eabi/lib/armv6-m\libg_s.a(lib_a-sbrkr.o)
 .ARM.attributes
                0x00000906       0x2c c:/programdata/matlab/supportpackages/r2020b/3p.instrset/arduinoide.instrset/tools/arm-none-eabi-gcc/4.8.3-2014q1/bin/../lib/gcc/arm-none-eabi/4.8.3/../../../../arm-none-eabi/lib/armv6-m\libg_s.a(lib_a-strlen.o)
 .ARM.attributes
                0x00000932       0x2c c:/programdata/matlab/supportpackages/r2020b/3p.instrset/arduinoide.instrset/tools/arm-none-eabi-gcc/4.8.3-2014q1/bin/../lib/gcc/arm-none-eabi/4.8.3/../../../../arm-none-eabi/lib/armv6-m\libg_s.a(lib_a-reent.o)
 .ARM.attributes
                0x0000095e       0x2c c:/programdata/matlab/supportpackages/r2020b/3p.instrset/arduinoide.instrset/tools/arm-none-eabi-gcc/4.8.3-2014q1/bin/../lib/gcc/arm-none-eabi/4.8.3/../../../../arm-none-eabi/lib/armv6-m\libnosys.a(sbrk.o)
 .ARM.attributes
                0x0000098a       0x2c c:/programdata/matlab/supportpackages/r2020b/3p.instrset/arduinoide.instrset/tools/arm-none-eabi-gcc/4.8.3-2014q1/bin/../lib/gcc/arm-none-eabi/4.8.3/armv6-m/crtend.o
 .ARM.attributes
                0x000009b6       0x1e c:/programdata/matlab/supportpackages/r2020b/3p.instrset/arduinoide.instrset/tools/arm-none-eabi-gcc/4.8.3-2014q1/bin/../lib/gcc/arm-none-eabi/4.8.3/armv6-m/crtn.o

.comment        0x00000000       0x70
 .comment       0x00000000       0x70 MW_arduino_digitalio.o
                                 0x71 (size before relaxing)
 .comment       0x00000000       0x71 TestLed.o
 .comment       0x00000000       0x71 TestLed_data.o
 .comment       0x00000000       0x71 MW_ArduinoHWInit.o
 .comment       0x00000000       0x71 io_wrappers.o
 .comment       0x00000000       0x71 arduinoARM_M0plusScheduler.o
 .comment       0x00000000       0x71 m0m1m0plus_multitasking.o
 .comment       0x00000000       0x71 ert_main.o
 .comment       0x00000000       0x71 C:/Users/nicom/DOCUME~1/MATLAB/R2020b/ARDUIN~1/ARDUIN~1/FASTER~1\libcore.a(cortex_handlers.o)
 .comment       0x00000000       0x71 C:/Users/nicom/DOCUME~1/MATLAB/R2020b/ARDUIN~1/ARDUIN~1/FASTER~1\libcore.a(hooks.o)
 .comment       0x00000000       0x71 C:/Users/nicom/DOCUME~1/MATLAB/R2020b/ARDUIN~1/ARDUIN~1/FASTER~1\libcore.a(delay.o)
 .comment       0x00000000       0x71 C:/Users/nicom/DOCUME~1/MATLAB/R2020b/ARDUIN~1/ARDUIN~1/FASTER~1\libcore.a(startup.o)
 .comment       0x00000000       0x71 C:/Users/nicom/DOCUME~1/MATLAB/R2020b/ARDUIN~1/ARDUIN~1/FASTER~1\libcore.a(wiring.o)
 .comment       0x00000000       0x71 C:/Users/nicom/DOCUME~1/MATLAB/R2020b/ARDUIN~1/ARDUIN~1/FASTER~1\libcore.a(wiring_analog.o)
 .comment       0x00000000       0x71 C:/Users/nicom/DOCUME~1/MATLAB/R2020b/ARDUIN~1/ARDUIN~1/FASTER~1\libcore.a(wiring_digital.o)
 .comment       0x00000000       0x71 C:/Users/nicom/DOCUME~1/MATLAB/R2020b/ARDUIN~1/ARDUIN~1/FASTER~1\libcore.a(wiring_private.o)
 .comment       0x00000000       0x71 C:/Users/nicom/DOCUME~1/MATLAB/R2020b/ARDUIN~1/ARDUIN~1/FASTER~1\libcore.a(Reset.o)
 .comment       0x00000000       0x71 C:/Users/nicom/DOCUME~1/MATLAB/R2020b/ARDUIN~1/ARDUIN~1/FASTER~1\libcore.a(Uart.o)
 .comment       0x00000000       0x71 C:/Users/nicom/DOCUME~1/MATLAB/R2020b/ARDUIN~1/ARDUIN~1/FASTER~1\libcore.a(CDC.o)
 .comment       0x00000000       0x71 C:/Users/nicom/DOCUME~1/MATLAB/R2020b/ARDUIN~1/ARDUIN~1/FASTER~1\libcore.a(PluggableUSB.o)
 .comment       0x00000000       0x71 C:/Users/nicom/DOCUME~1/MATLAB/R2020b/ARDUIN~1/ARDUIN~1/FASTER~1\libcore.a(USBCore.o)
 .comment       0x00000000       0x71 C:/Users/nicom/DOCUME~1/MATLAB/R2020b/ARDUIN~1/ARDUIN~1/FASTER~1\libcore.a(variant.o)
 .comment       0x00000000       0x71 C:/Users/nicom/DOCUME~1/MATLAB/R2020b/ARDUIN~1/ARDUIN~1/FASTER~1\libcore.a(new.o)
 .comment       0x00000000       0x71 C:/Users/nicom/DOCUME~1/MATLAB/R2020b/ARDUIN~1/ARDUIN~1/FASTER~1\libcore.a(Print.o)
 .comment       0x00000000       0x71 C:/Users/nicom/DOCUME~1/MATLAB/R2020b/ARDUIN~1/ARDUIN~1/FASTER~1\libcore.a(SERCOM.o)

.debug_frame    0x00000000      0x444
 .debug_frame   0x00000000       0x3c c:/programdata/matlab/supportpackages/r2020b/3p.instrset/arduinoide.instrset/tools/arm-none-eabi-gcc/4.8.3-2014q1/bin/../lib/gcc/arm-none-eabi/4.8.3/../../../../arm-none-eabi/lib/armv6-m\libm.a(lib_a-s_ceil.o)
 .debug_frame   0x0000003c       0x3c c:/programdata/matlab/supportpackages/r2020b/3p.instrset/arduinoide.instrset/tools/arm-none-eabi-gcc/4.8.3-2014q1/bin/../lib/gcc/arm-none-eabi/4.8.3/../../../../arm-none-eabi/lib/armv6-m\libm.a(lib_a-s_floor.o)
 .debug_frame   0x00000078       0x20 c:/programdata/matlab/supportpackages/r2020b/3p.instrset/arduinoide.instrset/tools/arm-none-eabi-gcc/4.8.3-2014q1/bin/../lib/gcc/arm-none-eabi/4.8.3/armv6-m\libgcc.a(_udivsi3.o)
 .debug_frame   0x00000098       0x2c c:/programdata/matlab/supportpackages/r2020b/3p.instrset/arduinoide.instrset/tools/arm-none-eabi-gcc/4.8.3-2014q1/bin/../lib/gcc/arm-none-eabi/4.8.3/armv6-m\libgcc.a(_fixunsdfsi.o)
 .debug_frame   0x000000c4       0x3c c:/programdata/matlab/supportpackages/r2020b/3p.instrset/arduinoide.instrset/tools/arm-none-eabi-gcc/4.8.3-2014q1/bin/../lib/gcc/arm-none-eabi/4.8.3/armv6-m\libgcc.a(adddf3.o)
 .debug_frame   0x00000100       0x3c c:/programdata/matlab/supportpackages/r2020b/3p.instrset/arduinoide.instrset/tools/arm-none-eabi-gcc/4.8.3-2014q1/bin/../lib/gcc/arm-none-eabi/4.8.3/armv6-m\libgcc.a(eqdf2.o)
 .debug_frame   0x0000013c       0x38 c:/programdata/matlab/supportpackages/r2020b/3p.instrset/arduinoide.instrset/tools/arm-none-eabi-gcc/4.8.3-2014q1/bin/../lib/gcc/arm-none-eabi/4.8.3/armv6-m\libgcc.a(gedf2.o)
 .debug_frame   0x00000174       0x3c c:/programdata/matlab/supportpackages/r2020b/3p.instrset/arduinoide.instrset/tools/arm-none-eabi-gcc/4.8.3-2014q1/bin/../lib/gcc/arm-none-eabi/4.8.3/armv6-m\libgcc.a(ledf2.o)
 .debug_frame   0x000001b0       0x3c c:/programdata/matlab/supportpackages/r2020b/3p.instrset/arduinoide.instrset/tools/arm-none-eabi-gcc/4.8.3-2014q1/bin/../lib/gcc/arm-none-eabi/4.8.3/armv6-m\libgcc.a(muldf3.o)
 .debug_frame   0x000001ec       0x3c c:/programdata/matlab/supportpackages/r2020b/3p.instrset/arduinoide.instrset/tools/arm-none-eabi-gcc/4.8.3-2014q1/bin/../lib/gcc/arm-none-eabi/4.8.3/armv6-m\libgcc.a(subdf3.o)
 .debug_frame   0x00000228       0x2c c:/programdata/matlab/supportpackages/r2020b/3p.instrset/arduinoide.instrset/tools/arm-none-eabi-gcc/4.8.3-2014q1/bin/../lib/gcc/arm-none-eabi/4.8.3/armv6-m\libgcc.a(fixdfsi.o)
 .debug_frame   0x00000254       0x30 c:/programdata/matlab/supportpackages/r2020b/3p.instrset/arduinoide.instrset/tools/arm-none-eabi-gcc/4.8.3-2014q1/bin/../lib/gcc/arm-none-eabi/4.8.3/armv6-m\libgcc.a(floatsidf.o)
 .debug_frame   0x00000284       0x2c c:/programdata/matlab/supportpackages/r2020b/3p.instrset/arduinoide.instrset/tools/arm-none-eabi-gcc/4.8.3-2014q1/bin/../lib/gcc/arm-none-eabi/4.8.3/../../../../arm-none-eabi/lib/armv6-m\libg_s.a(lib_a-init.o)
 .debug_frame   0x000002b0       0x40 c:/programdata/matlab/supportpackages/r2020b/3p.instrset/arduinoide.instrset/tools/arm-none-eabi-gcc/4.8.3-2014q1/bin/../lib/gcc/arm-none-eabi/4.8.3/../../../../arm-none-eabi/lib/armv6-m\libg_s.a(lib_a-malloc.o)
 .debug_frame   0x000002f0       0x28 c:/programdata/matlab/supportpackages/r2020b/3p.instrset/arduinoide.instrset/tools/arm-none-eabi-gcc/4.8.3-2014q1/bin/../lib/gcc/arm-none-eabi/4.8.3/../../../../arm-none-eabi/lib/armv6-m\libg_s.a(lib_a-memcpy-stub.o)
 .debug_frame   0x00000318       0x20 c:/programdata/matlab/supportpackages/r2020b/3p.instrset/arduinoide.instrset/tools/arm-none-eabi-gcc/4.8.3-2014q1/bin/../lib/gcc/arm-none-eabi/4.8.3/../../../../arm-none-eabi/lib/armv6-m\libg_s.a(lib_a-memset.o)
 .debug_frame   0x00000338       0x2c c:/programdata/matlab/supportpackages/r2020b/3p.instrset/arduinoide.instrset/tools/arm-none-eabi-gcc/4.8.3-2014q1/bin/../lib/gcc/arm-none-eabi/4.8.3/../../../../arm-none-eabi/lib/armv6-m\libg_s.a(lib_a-nano-freer.o)
 .debug_frame   0x00000364       0x2c c:/programdata/matlab/supportpackages/r2020b/3p.instrset/arduinoide.instrset/tools/arm-none-eabi-gcc/4.8.3-2014q1/bin/../lib/gcc/arm-none-eabi/4.8.3/../../../../arm-none-eabi/lib/armv6-m\libg_s.a(lib_a-nano-mallocr.o)
 .debug_frame   0x00000390       0x2c c:/programdata/matlab/supportpackages/r2020b/3p.instrset/arduinoide.instrset/tools/arm-none-eabi-gcc/4.8.3-2014q1/bin/../lib/gcc/arm-none-eabi/4.8.3/../../../../arm-none-eabi/lib/armv6-m\libg_s.a(lib_a-sbrkr.o)
 .debug_frame   0x000003bc       0x20 c:/programdata/matlab/supportpackages/r2020b/3p.instrset/arduinoide.instrset/tools/arm-none-eabi-gcc/4.8.3-2014q1/bin/../lib/gcc/arm-none-eabi/4.8.3/../../../../arm-none-eabi/lib/armv6-m\libg_s.a(lib_a-strlen.o)
 .debug_frame   0x000003dc       0x48 c:/programdata/matlab/supportpackages/r2020b/3p.instrset/arduinoide.instrset/tools/arm-none-eabi-gcc/4.8.3-2014q1/bin/../lib/gcc/arm-none-eabi/4.8.3/../../../../arm-none-eabi/lib/armv6-m\libg_s.a(lib_a-reent.o)
 .debug_frame   0x00000424       0x20 c:/programdata/matlab/supportpackages/r2020b/3p.instrset/arduinoide.instrset/tools/arm-none-eabi-gcc/4.8.3-2014q1/bin/../lib/gcc/arm-none-eabi/4.8.3/../../../../arm-none-eabi/lib/armv6-m\libnosys.a(sbrk.o)

Cross Reference Table

Symbol                                            File
AC_Handler                                        C:/Users/nicom/DOCUME~1/MATLAB/R2020b/ARDUIN~1/ARDUIN~1/FASTER~1\libcore.a(cortex_handlers.o)
ADC_Handler                                       C:/Users/nicom/DOCUME~1/MATLAB/R2020b/ARDUIN~1/ARDUIN~1/FASTER~1\libcore.a(cortex_handlers.o)
DAC_Handler                                       C:/Users/nicom/DOCUME~1/MATLAB/R2020b/ARDUIN~1/ARDUIN~1/FASTER~1\libcore.a(cortex_handlers.o)
DMAC_Handler                                      C:/Users/nicom/DOCUME~1/MATLAB/R2020b/ARDUIN~1/ARDUIN~1/FASTER~1\libcore.a(cortex_handlers.o)
DoubleBufferedEPOutHandler::_available() const    C:/Users/nicom/DOCUME~1/MATLAB/R2020b/ARDUIN~1/ARDUIN~1/FASTER~1\libcore.a(USBCore.o)
DoubleBufferedEPOutHandler::_recv()               C:/Users/nicom/DOCUME~1/MATLAB/R2020b/ARDUIN~1/ARDUIN~1/FASTER~1\libcore.a(USBCore.o)
DoubleBufferedEPOutHandler::available()           C:/Users/nicom/DOCUME~1/MATLAB/R2020b/ARDUIN~1/ARDUIN~1/FASTER~1\libcore.a(USBCore.o)
DoubleBufferedEPOutHandler::handleEndpoint()      C:/Users/nicom/DOCUME~1/MATLAB/R2020b/ARDUIN~1/ARDUIN~1/FASTER~1\libcore.a(USBCore.o)
DoubleBufferedEPOutHandler::peek()                C:/Users/nicom/DOCUME~1/MATLAB/R2020b/ARDUIN~1/ARDUIN~1/FASTER~1\libcore.a(USBCore.o)
DoubleBufferedEPOutHandler::recv(void*, unsigned long) C:/Users/nicom/DOCUME~1/MATLAB/R2020b/ARDUIN~1/ARDUIN~1/FASTER~1\libcore.a(USBCore.o)
DoubleBufferedEPOutHandler::release()             C:/Users/nicom/DOCUME~1/MATLAB/R2020b/ARDUIN~1/ARDUIN~1/FASTER~1\libcore.a(USBCore.o)
DoubleBufferedEPOutHandler::~DoubleBufferedEPOutHandler() C:/Users/nicom/DOCUME~1/MATLAB/R2020b/ARDUIN~1/ARDUIN~1/FASTER~1\libcore.a(USBCore.o)
DoubleBufferedEPOutHandler::~DoubleBufferedEPOutHandler() C:/Users/nicom/DOCUME~1/MATLAB/R2020b/ARDUIN~1/ARDUIN~1/FASTER~1\libcore.a(USBCore.o)
DoubleBufferedEPOutHandler::~DoubleBufferedEPOutHandler() C:/Users/nicom/DOCUME~1/MATLAB/R2020b/ARDUIN~1/ARDUIN~1/FASTER~1\libcore.a(USBCore.o)
Dummy_Handler                                     C:/Users/nicom/DOCUME~1/MATLAB/R2020b/ARDUIN~1/ARDUIN~1/FASTER~1\libcore.a(cortex_handlers.o)
EIC_Handler                                       C:/Users/nicom/DOCUME~1/MATLAB/R2020b/ARDUIN~1/ARDUIN~1/FASTER~1\libcore.a(cortex_handlers.o)
EVSYS_Handler                                     C:/Users/nicom/DOCUME~1/MATLAB/R2020b/ARDUIN~1/ARDUIN~1/FASTER~1\libcore.a(cortex_handlers.o)
EndPoints                                         C:/Users/nicom/DOCUME~1/MATLAB/R2020b/ARDUIN~1/ARDUIN~1/FASTER~1\libcore.a(USBCore.o)
                                                  C:/Users/nicom/DOCUME~1/MATLAB/R2020b/ARDUIN~1/ARDUIN~1/FASTER~1\libcore.a(PluggableUSB.o)
HardFault_Handler                                 C:/Users/nicom/DOCUME~1/MATLAB/R2020b/ARDUIN~1/ARDUIN~1/FASTER~1\libcore.a(cortex_handlers.o)
I2S_Handler                                       C:/Users/nicom/DOCUME~1/MATLAB/R2020b/ARDUIN~1/ARDUIN~1/FASTER~1\libcore.a(cortex_handlers.o)
IsrOverrun                                        ert_main.o
MW_Arduino_Init                                   MW_ArduinoHWInit.o
                                                  ert_main.o
MW_Arduino_Loop                                   arduinoARM_M0plusScheduler.o
                                                  ert_main.o
MW_Arduino_Terminate                              MW_ArduinoHWInit.o
                                                  ert_main.o
MW_Modbus_Slave_Poll                              MW_ArduinoHWInit.o
MW_delay_in_microseconds                          io_wrappers.o
MW_delay_in_milliseconds                          io_wrappers.o
MW_pinModeAnalogInput                             io_wrappers.o
MW_usbattach                                      io_wrappers.o
                                                  ert_main.o
NMI_Handler                                       C:/Users/nicom/DOCUME~1/MATLAB/R2020b/ARDUIN~1/ARDUIN~1/FASTER~1\libcore.a(cortex_handlers.o)
NVMCTRL_Handler                                   C:/Users/nicom/DOCUME~1/MATLAB/R2020b/ARDUIN~1/ARDUIN~1/FASTER~1\libcore.a(cortex_handlers.o)
PINCOUNT_fn                                       C:/Users/nicom/DOCUME~1/MATLAB/R2020b/ARDUIN~1/ARDUIN~1/FASTER~1\libcore.a(variant.o)
PM_Handler                                        C:/Users/nicom/DOCUME~1/MATLAB/R2020b/ARDUIN~1/ARDUIN~1/FASTER~1\libcore.a(cortex_handlers.o)
PTC_Handler                                       C:/Users/nicom/DOCUME~1/MATLAB/R2020b/ARDUIN~1/ARDUIN~1/FASTER~1\libcore.a(cortex_handlers.o)
PendSV_Handler                                    C:/Users/nicom/DOCUME~1/MATLAB/R2020b/ARDUIN~1/ARDUIN~1/FASTER~1\libcore.a(cortex_handlers.o)
PluggableUSB()                                    C:/Users/nicom/DOCUME~1/MATLAB/R2020b/ARDUIN~1/ARDUIN~1/FASTER~1\libcore.a(PluggableUSB.o)
                                                  C:/Users/nicom/DOCUME~1/MATLAB/R2020b/ARDUIN~1/ARDUIN~1/FASTER~1\libcore.a(USBCore.o)
                                                  C:/Users/nicom/DOCUME~1/MATLAB/R2020b/ARDUIN~1/ARDUIN~1/FASTER~1\libcore.a(CDC.o)
PluggableUSBModule::getShortName(char*)           C:/Users/nicom/DOCUME~1/MATLAB/R2020b/ARDUIN~1/ARDUIN~1/FASTER~1\libcore.a(CDC.o)
PluggableUSBModule::handleEndpoint(int)           C:/Users/nicom/DOCUME~1/MATLAB/R2020b/ARDUIN~1/ARDUIN~1/FASTER~1\libcore.a(CDC.o)
PluggableUSB_::PluggableUSB_()                    C:/Users/nicom/DOCUME~1/MATLAB/R2020b/ARDUIN~1/ARDUIN~1/FASTER~1\libcore.a(PluggableUSB.o)
PluggableUSB_::PluggableUSB_()                    C:/Users/nicom/DOCUME~1/MATLAB/R2020b/ARDUIN~1/ARDUIN~1/FASTER~1\libcore.a(PluggableUSB.o)
PluggableUSB_::getDescriptor(USBSetup&)           C:/Users/nicom/DOCUME~1/MATLAB/R2020b/ARDUIN~1/ARDUIN~1/FASTER~1\libcore.a(PluggableUSB.o)
                                                  C:/Users/nicom/DOCUME~1/MATLAB/R2020b/ARDUIN~1/ARDUIN~1/FASTER~1\libcore.a(USBCore.o)
PluggableUSB_::getInterface(unsigned char*)       C:/Users/nicom/DOCUME~1/MATLAB/R2020b/ARDUIN~1/ARDUIN~1/FASTER~1\libcore.a(PluggableUSB.o)
                                                  C:/Users/nicom/DOCUME~1/MATLAB/R2020b/ARDUIN~1/ARDUIN~1/FASTER~1\libcore.a(USBCore.o)
PluggableUSB_::getShortName(char*)                C:/Users/nicom/DOCUME~1/MATLAB/R2020b/ARDUIN~1/ARDUIN~1/FASTER~1\libcore.a(PluggableUSB.o)
                                                  C:/Users/nicom/DOCUME~1/MATLAB/R2020b/ARDUIN~1/ARDUIN~1/FASTER~1\libcore.a(USBCore.o)
PluggableUSB_::handleEndpoint(int)                C:/Users/nicom/DOCUME~1/MATLAB/R2020b/ARDUIN~1/ARDUIN~1/FASTER~1\libcore.a(PluggableUSB.o)
                                                  C:/Users/nicom/DOCUME~1/MATLAB/R2020b/ARDUIN~1/ARDUIN~1/FASTER~1\libcore.a(USBCore.o)
PluggableUSB_::plug(PluggableUSBModule*)          C:/Users/nicom/DOCUME~1/MATLAB/R2020b/ARDUIN~1/ARDUIN~1/FASTER~1\libcore.a(PluggableUSB.o)
                                                  C:/Users/nicom/DOCUME~1/MATLAB/R2020b/ARDUIN~1/ARDUIN~1/FASTER~1\libcore.a(CDC.o)
PluggableUSB_::setup(USBSetup&)                   C:/Users/nicom/DOCUME~1/MATLAB/R2020b/ARDUIN~1/ARDUIN~1/FASTER~1\libcore.a(PluggableUSB.o)
                                                  C:/Users/nicom/DOCUME~1/MATLAB/R2020b/ARDUIN~1/ARDUIN~1/FASTER~1\libcore.a(USBCore.o)
Print::availableForWrite()                        C:/Users/nicom/DOCUME~1/MATLAB/R2020b/ARDUIN~1/ARDUIN~1/FASTER~1\libcore.a(Uart.o)
                                                  C:/Users/nicom/DOCUME~1/MATLAB/R2020b/ARDUIN~1/ARDUIN~1/FASTER~1\libcore.a(Print.o)
                                                  C:/Users/nicom/DOCUME~1/MATLAB/R2020b/ARDUIN~1/ARDUIN~1/FASTER~1\libcore.a(CDC.o)
Print::flush()                                    C:/Users/nicom/DOCUME~1/MATLAB/R2020b/ARDUIN~1/ARDUIN~1/FASTER~1\libcore.a(Uart.o)
                                                  C:/Users/nicom/DOCUME~1/MATLAB/R2020b/ARDUIN~1/ARDUIN~1/FASTER~1\libcore.a(Print.o)
                                                  C:/Users/nicom/DOCUME~1/MATLAB/R2020b/ARDUIN~1/ARDUIN~1/FASTER~1\libcore.a(CDC.o)
Print::print(Printable const&)                    C:/Users/nicom/DOCUME~1/MATLAB/R2020b/ARDUIN~1/ARDUIN~1/FASTER~1\libcore.a(Print.o)
Print::print(String const&)                       C:/Users/nicom/DOCUME~1/MATLAB/R2020b/ARDUIN~1/ARDUIN~1/FASTER~1\libcore.a(Print.o)
Print::print(__FlashStringHelper const*)          C:/Users/nicom/DOCUME~1/MATLAB/R2020b/ARDUIN~1/ARDUIN~1/FASTER~1\libcore.a(Print.o)
Print::print(char const*)                         C:/Users/nicom/DOCUME~1/MATLAB/R2020b/ARDUIN~1/ARDUIN~1/FASTER~1\libcore.a(Print.o)
Print::print(char)                                C:/Users/nicom/DOCUME~1/MATLAB/R2020b/ARDUIN~1/ARDUIN~1/FASTER~1\libcore.a(Print.o)
Print::print(double, int)                         C:/Users/nicom/DOCUME~1/MATLAB/R2020b/ARDUIN~1/ARDUIN~1/FASTER~1\libcore.a(Print.o)
Print::print(int, int)                            C:/Users/nicom/DOCUME~1/MATLAB/R2020b/ARDUIN~1/ARDUIN~1/FASTER~1\libcore.a(Print.o)
Print::print(long, int)                           C:/Users/nicom/DOCUME~1/MATLAB/R2020b/ARDUIN~1/ARDUIN~1/FASTER~1\libcore.a(Print.o)
Print::print(unsigned char, int)                  C:/Users/nicom/DOCUME~1/MATLAB/R2020b/ARDUIN~1/ARDUIN~1/FASTER~1\libcore.a(Print.o)
Print::print(unsigned int, int)                   C:/Users/nicom/DOCUME~1/MATLAB/R2020b/ARDUIN~1/ARDUIN~1/FASTER~1\libcore.a(Print.o)
Print::print(unsigned long, int)                  C:/Users/nicom/DOCUME~1/MATLAB/R2020b/ARDUIN~1/ARDUIN~1/FASTER~1\libcore.a(Print.o)
Print::printFloat(double, unsigned char)          C:/Users/nicom/DOCUME~1/MATLAB/R2020b/ARDUIN~1/ARDUIN~1/FASTER~1\libcore.a(Print.o)
Print::printNumber(unsigned long, unsigned char)  C:/Users/nicom/DOCUME~1/MATLAB/R2020b/ARDUIN~1/ARDUIN~1/FASTER~1\libcore.a(Print.o)
Print::println()                                  C:/Users/nicom/DOCUME~1/MATLAB/R2020b/ARDUIN~1/ARDUIN~1/FASTER~1\libcore.a(Print.o)
Print::println(Printable const&)                  C:/Users/nicom/DOCUME~1/MATLAB/R2020b/ARDUIN~1/ARDUIN~1/FASTER~1\libcore.a(Print.o)
Print::println(String const&)                     C:/Users/nicom/DOCUME~1/MATLAB/R2020b/ARDUIN~1/ARDUIN~1/FASTER~1\libcore.a(Print.o)
Print::println(__FlashStringHelper const*)        C:/Users/nicom/DOCUME~1/MATLAB/R2020b/ARDUIN~1/ARDUIN~1/FASTER~1\libcore.a(Print.o)
Print::println(char const*)                       C:/Users/nicom/DOCUME~1/MATLAB/R2020b/ARDUIN~1/ARDUIN~1/FASTER~1\libcore.a(Print.o)
Print::println(char)                              C:/Users/nicom/DOCUME~1/MATLAB/R2020b/ARDUIN~1/ARDUIN~1/FASTER~1\libcore.a(Print.o)
Print::println(double, int)                       C:/Users/nicom/DOCUME~1/MATLAB/R2020b/ARDUIN~1/ARDUIN~1/FASTER~1\libcore.a(Print.o)
Print::println(int, int)                          C:/Users/nicom/DOCUME~1/MATLAB/R2020b/ARDUIN~1/ARDUIN~1/FASTER~1\libcore.a(Print.o)
Print::println(long, int)                         C:/Users/nicom/DOCUME~1/MATLAB/R2020b/ARDUIN~1/ARDUIN~1/FASTER~1\libcore.a(Print.o)
Print::println(unsigned char, int)                C:/Users/nicom/DOCUME~1/MATLAB/R2020b/ARDUIN~1/ARDUIN~1/FASTER~1\libcore.a(Print.o)
Print::println(unsigned int, int)                 C:/Users/nicom/DOCUME~1/MATLAB/R2020b/ARDUIN~1/ARDUIN~1/FASTER~1\libcore.a(Print.o)
Print::println(unsigned long, int)                C:/Users/nicom/DOCUME~1/MATLAB/R2020b/ARDUIN~1/ARDUIN~1/FASTER~1\libcore.a(Print.o)
Print::write(char const*)                         C:/Users/nicom/DOCUME~1/MATLAB/R2020b/ARDUIN~1/ARDUIN~1/FASTER~1\libcore.a(Print.o)
Print::write(unsigned char const*, unsigned int)  C:/Users/nicom/DOCUME~1/MATLAB/R2020b/ARDUIN~1/ARDUIN~1/FASTER~1\libcore.a(Print.o)
                                                  C:/Users/nicom/DOCUME~1/MATLAB/R2020b/ARDUIN~1/ARDUIN~1/FASTER~1\libcore.a(CDC.o)